18:25:59 **** Incremental Build of configuration Debug for project ExecutionTime ****
make -j12 all 
arm-none-eabi-gcc "../Core/Src/main.c" -mcpu=cortex-m4 -std=gnu11 -g3 -DDEBUG -DUSE_HAL_DRIVER -DSTM32L476xx -c -I../Core/Inc -I../Drivers/STM32L4xx_HAL_Driver/Inc -I../Drivers/STM32L4xx_HAL_Driver/Inc/Legacy -I../Drivers/CMSIS/Device/ST/STM32L4xx/Include -I../Drivers/CMSIS/Include -O0 -ffunction-sections -fdata-sections -Wall -fstack-usage -fcyclomatic-complexity -MMD -MP -MF"Core/Src/main.d" -MT"Core/Src/main.o" --specs=nano.specs -mfpu=fpv4-sp-d16 -mfloat-abi=hard -mthumb -o "Core/Src/main.o"
../Core/Src/main.c:94:13: warning: 'MX_GPIO_Init' defined but not used [-Wunused-function]
   94 | static void MX_GPIO_Init(void)
      |             ^~~~~~~~~~~~
arm-none-eabi-gcc -o "ExecutionTime.elf" @"objects.list"   -mcpu=cortex-m4 -T"C:\Users\enriq\Documents\CPE316FALL\ExecutionTime\STM32L476RGTX_FLASH.ld" --specs=nosys.specs -Wl,-Map="ExecutionTime.map" -Wl,--gc-sections -static --specs=nano.specs -mfpu=fpv4-sp-d16 -mfloat-abi=hard -mthumb -Wl,--start-group -lc -lm -Wl,--end-group
Finished building target: ExecutionTime.elf
 
arm-none-eabi-size  ExecutionTime.elf 
arm-none-eabi-objdump -h -S ExecutionTime.elf  > "ExecutionTime.list"
   text	   data	    bss	    dec	    hex	filename
   6072	     12	   1572	   7656	   1de8	ExecutionTime.elf
Finished building: default.size.stdout
 
Finished building: ExecutionTime.list
 

18:26:01 Build Finished. 0 errors, 1 warnings. (took 1s.522ms)

