15:15:32 **** Build of configuration Debug for project Test1 ****
make -j12 all 
arm-none-eabi-gcc "../Drivers/STM32L4xx_HAL_Driver/Src/stm32l4xx_hal.c" -mcpu=cortex-m4 -std=gnu11 -g3 -DDEBUG -DUSE_HAL_DRIVER -DSTM32L476xx -c -I../Core/Inc -I../Drivers/STM32L4xx_HAL_Driver/Inc -I../Drivers/STM32L4xx_HAL_Driver/Inc/Legacy -I../Drivers/CMSIS/Device/ST/STM32L4xx/Include -I../Drivers/CMSIS/Include -O0 -ffunction-sections -fdata-sections -Wall -fstack-usage -fcyclomatic-complexity -MMD -MP -MF"Drivers/STM32L4xx_HAL_Driver/Src/stm32l4xx_hal.d" -MT"Drivers/STM32L4xx_HAL_Driver/Src/stm32l4xx_hal.o" --specs=nano.specs -mfpu=fpv4-sp-d16 -mfloat-abi=hard -mthumb -o "Drivers/STM32L4xx_HAL_Driver/Src/stm32l4xx_hal.o"
arm-none-eabi-gcc "../Drivers/STM32L4xx_HAL_Driver/Src/stm32l4xx_hal_cortex.c" -mcpu=cortex-m4 -std=gnu11 -g3 -DDEBUG -DUSE_HAL_DRIVER -DSTM32L476xx -c -I../Core/Inc -I../Drivers/STM32L4xx_HAL_Driver/Inc -I../Drivers/STM32L4xx_HAL_Driver/Inc/Legacy -I../Drivers/CMSIS/Device/ST/STM32L4xx/Include -I../Drivers/CMSIS/Include -O0 -ffunction-sections -fdata-sections -Wall -fstack-usage -fcyclomatic-complexity -MMD -MP -MF"Drivers/STM32L4xx_HAL_Driver/Src/stm32l4xx_hal_cortex.d" -MT"Drivers/STM32L4xx_HAL_Driver/Src/stm32l4xx_hal_cortex.o" --specs=nano.specs -mfpu=fpv4-sp-d16 -mfloat-abi=hard -mthumb -o "Drivers/STM32L4xx_HAL_Driver/Src/stm32l4xx_hal_cortex.o"
arm-none-eabi-gcc "../Drivers/STM32L4xx_HAL_Driver/Src/stm32l4xx_hal_dma.c" -mcpu=cortex-m4 -std=gnu11 -g3 -DDEBUG -DUSE_HAL_DRIVER -DSTM32L476xx -c -I../Core/Inc -I../Drivers/STM32L4xx_HAL_Driver/Inc -I../Drivers/STM32L4xx_HAL_Driver/Inc/Legacy -I../Drivers/CMSIS/Device/ST/STM32L4xx/Include -I../Drivers/CMSIS/Include -O0 -ffunction-sections -fdata-sections -Wall -fstack-usage -fcyclomatic-complexity -MMD -MP -MF"Drivers/STM32L4xx_HAL_Driver/Src/stm32l4xx_hal_dma.d" -MT"Drivers/STM32L4xx_HAL_Driver/Src/stm32l4xx_hal_dma.o" --specs=nano.specs -mfpu=fpv4-sp-d16 -mfloat-abi=hard -mthumb -o "Drivers/STM32L4xx_HAL_Driver/Src/stm32l4xx_hal_dma.o"
arm-none-eabi-gcc "../Drivers/STM32L4xx_HAL_Driver/Src/stm32l4xx_hal_dma_ex.c" -mcpu=cortex-m4 -std=gnu11 -g3 -DDEBUG -DUSE_HAL_DRIVER -DSTM32L476xx -c -I../Core/Inc -I../Drivers/STM32L4xx_HAL_Driver/Inc -I../Drivers/STM32L4xx_HAL_Driver/Inc/Legacy -I../Drivers/CMSIS/Device/ST/STM32L4xx/Include -I../Drivers/CMSIS/Include -O0 -ffunction-sections -fdata-sections -Wall -fstack-usage -fcyclomatic-complexity -MMD -MP -MF"Drivers/STM32L4xx_HAL_Driver/Src/stm32l4xx_hal_dma_ex.d" -MT"Drivers/STM32L4xx_HAL_Driver/Src/stm32l4xx_hal_dma_ex.o" --specs=nano.specs -mfpu=fpv4-sp-d16 -mfloat-abi=hard -mthumb -o "Drivers/STM32L4xx_HAL_Driver/Src/stm32l4xx_hal_dma_ex.o"
arm-none-eabi-gcc "../Drivers/STM32L4xx_HAL_Driver/Src/stm32l4xx_hal_exti.c" -mcpu=cortex-m4 -std=gnu11 -g3 -DDEBUG -DUSE_HAL_DRIVER -DSTM32L476xx -c -I../Core/Inc -I../Drivers/STM32L4xx_HAL_Driver/Inc -I../Drivers/STM32L4xx_HAL_Driver/Inc/Legacy -I../Drivers/CMSIS/Device/ST/STM32L4xx/Include -I../Drivers/CMSIS/Include -O0 -ffunction-sections -fdata-sections -Wall -fstack-usage -fcyclomatic-complexity -MMD -MP -MF"Drivers/STM32L4xx_HAL_Driver/Src/stm32l4xx_hal_exti.d" -MT"Drivers/STM32L4xx_HAL_Driver/Src/stm32l4xx_hal_exti.o" --specs=nano.specs -mfpu=fpv4-sp-d16 -mfloat-abi=hard -mthumb -o "Drivers/STM32L4xx_HAL_Driver/Src/stm32l4xx_hal_exti.o"
arm-none-eabi-gcc "../Drivers/STM32L4xx_HAL_Driver/Src/stm32l4xx_hal_flash.c" -mcpu=cortex-m4 -std=gnu11 -g3 -DDEBUG -DUSE_HAL_DRIVER -DSTM32L476xx -c -I../Core/Inc -I../Drivers/STM32L4xx_HAL_Driver/Inc -I../Drivers/STM32L4xx_HAL_Driver/Inc/Legacy -I../Drivers/CMSIS/Device/ST/STM32L4xx/Include -I../Drivers/CMSIS/Include -O0 -ffunction-sections -fdata-sections -Wall -fstack-usage -fcyclomatic-complexity -MMD -MP -MF"Drivers/STM32L4xx_HAL_Driver/Src/stm32l4xx_hal_flash.d" -MT"Drivers/STM32L4xx_HAL_Driver/Src/stm32l4xx_hal_flash.o" --specs=nano.specs -mfpu=fpv4-sp-d16 -mfloat-abi=hard -mthumb -o "Drivers/STM32L4xx_HAL_Driver/Src/stm32l4xx_hal_flash.o"
arm-none-eabi-gcc "../Drivers/STM32L4xx_HAL_Driver/Src/stm32l4xx_hal_flash_ex.c" -mcpu=cortex-m4 -std=gnu11 -g3 -DDEBUG -DUSE_HAL_DRIVER -DSTM32L476xx -c -I../Core/Inc -I../Drivers/STM32L4xx_HAL_Driver/Inc -I../Drivers/STM32L4xx_HAL_Driver/Inc/Legacy -I../Drivers/CMSIS/Device/ST/STM32L4xx/Include -I../Drivers/CMSIS/Include -O0 -ffunction-sections -fdata-sections -Wall -fstack-usage -fcyclomatic-complexity -MMD -MP -MF"Drivers/STM32L4xx_HAL_Driver/Src/stm32l4xx_hal_flash_ex.d" -MT"Drivers/STM32L4xx_HAL_Driver/Src/stm32l4xx_hal_flash_ex.o" --specs=nano.specs -mfpu=fpv4-sp-d16 -mfloat-abi=hard -mthumb -o "Drivers/STM32L4xx_HAL_Driver/Src/stm32l4xx_hal_flash_ex.o"
arm-none-eabi-gcc "../Drivers/STM32L4xx_HAL_Driver/Src/stm32l4xx_hal_flash_ramfunc.c" -mcpu=cortex-m4 -std=gnu11 -g3 -DDEBUG -DUSE_HAL_DRIVER -DSTM32L476xx -c -I../Core/Inc -I../Drivers/STM32L4xx_HAL_Driver/Inc -I../Drivers/STM32L4xx_HAL_Driver/Inc/Legacy -I../Drivers/CMSIS/Device/ST/STM32L4xx/Include -I../Drivers/CMSIS/Include -O0 -ffunction-sections -fdata-sections -Wall -fstack-usage -fcyclomatic-complexity -MMD -MP -MF"Drivers/STM32L4xx_HAL_Driver/Src/stm32l4xx_hal_flash_ramfunc.d" -MT"Drivers/STM32L4xx_HAL_Driver/Src/stm32l4xx_hal_flash_ramfunc.o" --specs=nano.specs -mfpu=fpv4-sp-d16 -mfloat-abi=hard -mthumb -o "Drivers/STM32L4xx_HAL_Driver/Src/stm32l4xx_hal_flash_ramfunc.o"
arm-none-eabi-gcc "../Drivers/STM32L4xx_HAL_Driver/Src/stm32l4xx_hal_gpio.c" -mcpu=cortex-m4 -std=gnu11 -g3 -DDEBUG -DUSE_HAL_DRIVER -DSTM32L476xx -c -I../Core/Inc -I../Drivers/STM32L4xx_HAL_Driver/Inc -I../Drivers/STM32L4xx_HAL_Driver/Inc/Legacy -I../Drivers/CMSIS/Device/ST/STM32L4xx/Include -I../Drivers/CMSIS/Include -O0 -ffunction-sections -fdata-sections -Wall -fstack-usage -fcyclomatic-complexity -MMD -MP -MF"Drivers/STM32L4xx_HAL_Driver/Src/stm32l4xx_hal_gpio.d" -MT"Drivers/STM32L4xx_HAL_Driver/Src/stm32l4xx_hal_gpio.o" --specs=nano.specs -mfpu=fpv4-sp-d16 -mfloat-abi=hard -mthumb -o "Drivers/STM32L4xx_HAL_Driver/Src/stm32l4xx_hal_gpio.o"
arm-none-eabi-gcc "../Drivers/STM32L4xx_HAL_Driver/Src/stm32l4xx_hal_i2c.c" -mcpu=cortex-m4 -std=gnu11 -g3 -DDEBUG -DUSE_HAL_DRIVER -DSTM32L476xx -c -I../Core/Inc -I../Drivers/STM32L4xx_HAL_Driver/Inc -I../Drivers/STM32L4xx_HAL_Driver/Inc/Legacy -I../Drivers/CMSIS/Device/ST/STM32L4xx/Include -I../Drivers/CMSIS/Include -O0 -ffunction-sections -fdata-sections -Wall -fstack-usage -fcyclomatic-complexity -MMD -MP -MF"Drivers/STM32L4xx_HAL_Driver/Src/stm32l4xx_hal_i2c.d" -MT"Drivers/STM32L4xx_HAL_Driver/Src/stm32l4xx_hal_i2c.o" --specs=nano.specs -mfpu=fpv4-sp-d16 -mfloat-abi=hard -mthumb -o "Drivers/STM32L4xx_HAL_Driver/Src/stm32l4xx_hal_i2c.o"
arm-none-eabi-gcc "../Drivers/STM32L4xx_HAL_Driver/Src/stm32l4xx_hal_i2c_ex.c" -mcpu=cortex-m4 -std=gnu11 -g3 -DDEBUG -DUSE_HAL_DRIVER -DSTM32L476xx -c -I../Core/Inc -I../Drivers/STM32L4xx_HAL_Driver/Inc -I../Drivers/STM32L4xx_HAL_Driver/Inc/Legacy -I../Drivers/CMSIS/Device/ST/STM32L4xx/Include -I../Drivers/CMSIS/Include -O0 -ffunction-sections -fdata-sections -Wall -fstack-usage -fcyclomatic-complexity -MMD -MP -MF"Drivers/STM32L4xx_HAL_Driver/Src/stm32l4xx_hal_i2c_ex.d" -MT"Drivers/STM32L4xx_HAL_Driver/Src/stm32l4xx_hal_i2c_ex.o" --specs=nano.specs -mfpu=fpv4-sp-d16 -mfloat-abi=hard -mthumb -o "Drivers/STM32L4xx_HAL_Driver/Src/stm32l4xx_hal_i2c_ex.o"
arm-none-eabi-gcc "../Drivers/STM32L4xx_HAL_Driver/Src/stm32l4xx_hal_pwr.c" -mcpu=cortex-m4 -std=gnu11 -g3 -DDEBUG -DUSE_HAL_DRIVER -DSTM32L476xx -c -I../Core/Inc -I../Drivers/STM32L4xx_HAL_Driver/Inc -I../Drivers/STM32L4xx_HAL_Driver/Inc/Legacy -I../Drivers/CMSIS/Device/ST/STM32L4xx/Include -I../Drivers/CMSIS/Include -O0 -ffunction-sections -fdata-sections -Wall -fstack-usage -fcyclomatic-complexity -MMD -MP -MF"Drivers/STM32L4xx_HAL_Driver/Src/stm32l4xx_hal_pwr.d" -MT"Drivers/STM32L4xx_HAL_Driver/Src/stm32l4xx_hal_pwr.o" --specs=nano.specs -mfpu=fpv4-sp-d16 -mfloat-abi=hard -mthumb -o "Drivers/STM32L4xx_HAL_Driver/Src/stm32l4xx_hal_pwr.o"
arm-none-eabi-gcc "../Drivers/STM32L4xx_HAL_Driver/Src/stm32l4xx_hal_pwr_ex.c" -mcpu=cortex-m4 -std=gnu11 -g3 -DDEBUG -DUSE_HAL_DRIVER -DSTM32L476xx -c -I../Core/Inc -I../Drivers/STM32L4xx_HAL_Driver/Inc -I../Drivers/STM32L4xx_HAL_Driver/Inc/Legacy -I../Drivers/CMSIS/Device/ST/STM32L4xx/Include -I../Drivers/CMSIS/Include -O0 -ffunction-sections -fdata-sections -Wall -fstack-usage -fcyclomatic-complexity -MMD -MP -MF"Drivers/STM32L4xx_HAL_Driver/Src/stm32l4xx_hal_pwr_ex.d" -MT"Drivers/STM32L4xx_HAL_Driver/Src/stm32l4xx_hal_pwr_ex.o" --specs=nano.specs -mfpu=fpv4-sp-d16 -mfloat-abi=hard -mthumb -o "Drivers/STM32L4xx_HAL_Driver/Src/stm32l4xx_hal_pwr_ex.o"
arm-none-eabi-gcc "../Drivers/STM32L4xx_HAL_Driver/Src/stm32l4xx_hal_rcc.c" -mcpu=cortex-m4 -std=gnu11 -g3 -DDEBUG -DUSE_HAL_DRIVER -DSTM32L476xx -c -I../Core/Inc -I../Drivers/STM32L4xx_HAL_Driver/Inc -I../Drivers/STM32L4xx_HAL_Driver/Inc/Legacy -I../Drivers/CMSIS/Device/ST/STM32L4xx/Include -I../Drivers/CMSIS/Include -O0 -ffunction-sections -fdata-sections -Wall -fstack-usage -fcyclomatic-complexity -MMD -MP -MF"Drivers/STM32L4xx_HAL_Driver/Src/stm32l4xx_hal_rcc.d" -MT"Drivers/STM32L4xx_HAL_Driver/Src/stm32l4xx_hal_rcc.o" --specs=nano.specs -mfpu=fpv4-sp-d16 -mfloat-abi=hard -mthumb -o "Drivers/STM32L4xx_HAL_Driver/Src/stm32l4xx_hal_rcc.o"
arm-none-eabi-gcc "../Drivers/STM32L4xx_HAL_Driver/Src/stm32l4xx_hal_rcc_ex.c" -mcpu=cortex-m4 -std=gnu11 -g3 -DDEBUG -DUSE_HAL_DRIVER -DSTM32L476xx -c -I../Core/Inc -I../Drivers/STM32L4xx_HAL_Driver/Inc -I../Drivers/STM32L4xx_HAL_Driver/Inc/Legacy -I../Drivers/CMSIS/Device/ST/STM32L4xx/Include -I../Drivers/CMSIS/Include -O0 -ffunction-sections -fdata-sections -Wall -fstack-usage -fcyclomatic-complexity -MMD -MP -MF"Drivers/STM32L4xx_HAL_Driver/Src/stm32l4xx_hal_rcc_ex.d" -MT"Drivers/STM32L4xx_HAL_Driver/Src/stm32l4xx_hal_rcc_ex.o" --specs=nano.specs -mfpu=fpv4-sp-d16 -mfloat-abi=hard -mthumb -o "Drivers/STM32L4xx_HAL_Driver/Src/stm32l4xx_hal_rcc_ex.o"
arm-none-eabi-gcc -mcpu=cortex-m4 -g3 -DDEBUG -c -x assembler-with-cpp -MMD -MP -MF"Core/Startup/startup_stm32l476rgtx.d" -MT"Core/Startup/startup_stm32l476rgtx.o" --specs=nano.specs -mfpu=fpv4-sp-d16 -mfloat-abi=hard -mthumb -o "Core/Startup/startup_stm32l476rgtx.o" "../Core/Startup/startup_stm32l476rgtx.s"
arm-none-eabi-gcc "../Core/Src/main.c" -mcpu=cortex-m4 -std=gnu11 -g3 -DDEBUG -DUSE_HAL_DRIVER -DSTM32L476xx -c -I../Core/Inc -I../Drivers/STM32L4xx_HAL_Driver/Inc -I../Drivers/STM32L4xx_HAL_Driver/Inc/Legacy -I../Drivers/CMSIS/Device/ST/STM32L4xx/Include -I../Drivers/CMSIS/Include -O0 -ffunction-sections -fdata-sections -Wall -fstack-usage -fcyclomatic-complexity -MMD -MP -MF"Core/Src/main.d" -MT"Core/Src/main.o" --specs=nano.specs -mfpu=fpv4-sp-d16 -mfloat-abi=hard -mthumb -o "Core/Src/main.o"
arm-none-eabi-gcc "../Core/Src/stm32l4xx_hal_msp.c" -mcpu=cortex-m4 -std=gnu11 -g3 -DDEBUG -DUSE_HAL_DRIVER -DSTM32L476xx -c -I../Core/Inc -I../Drivers/STM32L4xx_HAL_Driver/Inc -I../Drivers/STM32L4xx_HAL_Driver/Inc/Legacy -I../Drivers/CMSIS/Device/ST/STM32L4xx/Include -I../Drivers/CMSIS/Include -O0 -ffunction-sections -fdata-sections -Wall -fstack-usage -fcyclomatic-complexity -MMD -MP -MF"Core/Src/stm32l4xx_hal_msp.d" -MT"Core/Src/stm32l4xx_hal_msp.o" --specs=nano.specs -mfpu=fpv4-sp-d16 -mfloat-abi=hard -mthumb -o "Core/Src/stm32l4xx_hal_msp.o"
arm-none-eabi-gcc "../Core/Src/stm32l4xx_it.c" -mcpu=cortex-m4 -std=gnu11 -g3 -DDEBUG -DUSE_HAL_DRIVER -DSTM32L476xx -c -I../Core/Inc -I../Drivers/STM32L4xx_HAL_Driver/Inc -I../Drivers/STM32L4xx_HAL_Driver/Inc/Legacy -I../Drivers/CMSIS/Device/ST/STM32L4xx/Include -I../Drivers/CMSIS/Include -O0 -ffunction-sections -fdata-sections -Wall -fstack-usage -fcyclomatic-complexity -MMD -MP -MF"Core/Src/stm32l4xx_it.d" -MT"Core/Src/stm32l4xx_it.o" --specs=nano.specs -mfpu=fpv4-sp-d16 -mfloat-abi=hard -mthumb -o "Core/Src/stm32l4xx_it.o"
arm-none-eabi-gcc "../Core/Src/syscalls.c" -mcpu=cortex-m4 -std=gnu11 -g3 -DDEBUG -DUSE_HAL_DRIVER -DSTM32L476xx -c -I../Core/Inc -I../Drivers/STM32L4xx_HAL_Driver/Inc -I../Drivers/STM32L4xx_HAL_Driver/Inc/Legacy -I../Drivers/CMSIS/Device/ST/STM32L4xx/Include -I../Drivers/CMSIS/Include -O0 -ffunction-sections -fdata-sections -Wall -fstack-usage -fcyclomatic-complexity -MMD -MP -MF"Core/Src/syscalls.d" -MT"Core/Src/syscalls.o" --specs=nano.specs -mfpu=fpv4-sp-d16 -mfloat-abi=hard -mthumb -o "Core/Src/syscalls.o"
arm-none-eabi-gcc "../Core/Src/sysmem.c" -mcpu=cortex-m4 -std=gnu11 -g3 -DDEBUG -DUSE_HAL_DRIVER -DSTM32L476xx -c -I../Core/Inc -I../Drivers/STM32L4xx_HAL_Driver/Inc -I../Drivers/STM32L4xx_HAL_Driver/Inc/Legacy -I../Drivers/CMSIS/Device/ST/STM32L4xx/Include -I../Drivers/CMSIS/Include -O0 -ffunction-sections -fdata-sections -Wall -fstack-usage -fcyclomatic-complexity -MMD -MP -MF"Core/Src/sysmem.d" -MT"Core/Src/sysmem.o" --specs=nano.specs -mfpu=fpv4-sp-d16 -mfloat-abi=hard -mthumb -o "Core/Src/sysmem.o"
arm-none-eabi-gcc "../Core/Src/system_stm32l4xx.c" -mcpu=cortex-m4 -std=gnu11 -g3 -DDEBUG -DUSE_HAL_DRIVER -DSTM32L476xx -c -I../Core/Inc -I../Drivers/STM32L4xx_HAL_Driver/Inc -I../Drivers/STM32L4xx_HAL_Driver/Inc/Legacy -I../Drivers/CMSIS/Device/ST/STM32L4xx/Include -I../Drivers/CMSIS/Include -O0 -ffunction-sections -fdata-sections -Wall -fstack-usage -fcyclomatic-complexity -MMD -MP -MF"Core/Src/system_stm32l4xx.d" -MT"Core/Src/system_stm32l4xx.o" --specs=nano.specs -mfpu=fpv4-sp-d16 -mfloat-abi=hard -mthumb -o "Core/Src/system_stm32l4xx.o"
../Core/Src/main.c: In function 'main':
../Core/Src/main.c:110:14: error: 'GPIO' undeclared (first use in this function); did you mean 'GPIOH'?
  110 |           if(GPIO->IDR & GPIO_PIN13){
      |              ^~~~
      |              GPIOH
../Core/Src/main.c:110:14: note: each undeclared identifier is reported only once for each function it appears in
../Core/Src/main.c:110:26: error: 'GPIO_PIN13' undeclared (first use in this function); did you mean 'GPIO_PIN_3'?
  110 |           if(GPIO->IDR & GPIO_PIN13){
      |                          ^~~~~~~~~~
      |                          GPIO_PIN_3
../Core/Src/main.c:111:32: error: lvalue required as left operand of assignment
  111 |                   if(count > 7 = 0){
      |                                ^
../Core/Src/main.c:114:19: error: 'counter' undeclared (first use in this function); did you mean 'count'?
  114 |                   counter++;
      |                   ^~~~~~~
      |                   count
../Core/Src/main.c:129:11: error: case label does not reduce to an integer constant
  129 |           case count == 0:
      |           ^~~~
../Core/Src/main.c:133:11: error: case label does not reduce to an integer constant
  133 |           case count == 1:
      |           ^~~~
../Core/Src/main.c:136:11: error: case label does not reduce to an integer constant
  136 |           case count == 2:
      |           ^~~~
../Core/Src/main.c:139:11: error: case label does not reduce to an integer constant
  139 |           case count == 3:
      |           ^~~~
../Core/Src/main.c:141:11: error: case label does not reduce to an integer constant
  141 |           case count == 4:
      |           ^~~~
../Core/Src/main.c:143:11: error: case label does not reduce to an integer constant
  143 |           case count == 5:
      |           ^~~~
../Core/Src/main.c:145:11: error: case label does not reduce to an integer constant
  145 |           case count == 6:
      |           ^~~~
../Core/Src/main.c:147:11: error: case label does not reduce to an integer constant
  147 |           case count == 7:
      |           ^~~~
make: *** [Core/Src/subdir.mk:34: Core/Src/main.o] Error 1
make: *** Waiting for unfinished jobs....
"make -j12 all" terminated with exit code 2. Build might be incomplete.
15:19:52 **** Incremental Build of configuration Debug for project Test1 ****
make -j12 all 
arm-none-eabi-gcc "../Core/Src/main.c" -mcpu=cortex-m4 -std=gnu11 -g3 -DDEBUG -DUSE_HAL_DRIVER -DSTM32L476xx -c -I../Core/Inc -I../Drivers/STM32L4xx_HAL_Driver/Inc -I../Drivers/STM32L4xx_HAL_Driver/Inc/Legacy -I../Drivers/CMSIS/Device/ST/STM32L4xx/Include -I../Drivers/CMSIS/Include -O0 -ffunction-sections -fdata-sections -Wall -fstack-usage -fcyclomatic-complexity -MMD -MP -MF"Core/Src/main.d" -MT"Core/Src/main.o" --specs=nano.specs -mfpu=fpv4-sp-d16 -mfloat-abi=hard -mthumb -o "Core/Src/main.o"
../Core/Src/main.c: In function 'main':
../Core/Src/main.c:12:3: error: too few arguments to function 'HAL_GPIO_Init'
   12 |   HAL_GPIO_Init();
      |   ^~~~~~~~~~~~~
In file included from ../Core/Inc/stm32l4xx_hal_conf.h:262,
                 from ../Drivers/STM32L4xx_HAL_Driver/Inc/stm32l4xx_hal.h:29,
                 from ../Core/Inc/main.h:30,
                 from ../Core/Src/main.c:1:
../Drivers/STM32L4xx_HAL_Driver/Inc/stm32l4xx_hal_gpio.h:283:19: note: declared here
  283 | void              HAL_GPIO_Init(GPIO_TypeDef  *GPIOx, GPIO_InitTypeDef *GPIO_Init);
      |                   ^~~~~~~~~~~~~
../Core/Src/main.c:111:14: error: 'GPIO' undeclared (first use in this function); did you mean 'GPIOH'?
  111 |           if(GPIO->IDR & GPIO_PIN_13){
      |              ^~~~
      |              GPIOH
../Core/Src/main.c:111:14: note: each undeclared identifier is reported only once for each function it appears in
../Core/Src/main.c:112:32: error: lvalue required as left operand of assignment
  112 |                   if(count > 7 = 0){
      |                                ^
../Core/Src/main.c:130:11: error: case label does not reduce to an integer constant
  130 |           case count == 0:
      |           ^~~~
../Core/Src/main.c:134:11: error: case label does not reduce to an integer constant
  134 |           case count == 1:
      |           ^~~~
../Core/Src/main.c:137:11: error: case label does not reduce to an integer constant
  137 |           case count == 2:
      |           ^~~~
../Core/Src/main.c:140:11: error: case label does not reduce to an integer constant
  140 |           case count == 3:
      |           ^~~~
../Core/Src/main.c:143:11: error: case label does not reduce to an integer constant
  143 |           case count == 4:
      |           ^~~~
../Core/Src/main.c:148:11: error: case label does not reduce to an integer constant
  148 |           case count == 5:
      |           ^~~~
../Core/Src/main.c:151:11: error: case label does not reduce to an integer constant
  151 |           case count == 6:
      |           ^~~~
../Core/Src/main.c:154:11: error: case label does not reduce to an integer constant
  154 |           case count == 7:
      |           ^~~~
make: *** [Core/Src/subdir.mk:34: Core/Src/main.o] Error 1
"make -j12 all" terminated with exit code 2. Build might be incomplete.
15:25:24 **** Incremental Build of configuration Debug for project Test1 ****
make -j12 all 
arm-none-eabi-gcc "../Core/Src/main.c" -mcpu=cortex-m4 -std=gnu11 -g3 -DDEBUG -DUSE_HAL_DRIVER -DSTM32L476xx -c -I../Core/Inc -I../Drivers/STM32L4xx_HAL_Driver/Inc -I../Drivers/STM32L4xx_HAL_Driver/Inc/Legacy -I../Drivers/CMSIS/Device/ST/STM32L4xx/Include -I../Drivers/CMSIS/Include -O0 -ffunction-sections -fdata-sections -Wall -fstack-usage -fcyclomatic-complexity -MMD -MP -MF"Core/Src/main.d" -MT"Core/Src/main.o" --specs=nano.specs -mfpu=fpv4-sp-d16 -mfloat-abi=hard -mthumb -o "Core/Src/main.o"
../Core/Src/main.c: In function 'main':
../Core/Src/main.c:111:14: error: 'GPIO' undeclared (first use in this function); did you mean 'GPIOH'?
  111 |           if(GPIO->IDR & GPIO_PIN_13){
      |              ^~~~
      |              GPIOH
../Core/Src/main.c:111:14: note: each undeclared identifier is reported only once for each function it appears in
../Core/Src/main.c:112:32: error: lvalue required as left operand of assignment
  112 |                   if(count > 7 = 0){
      |                                ^
../Core/Src/main.c:130:11: error: case label does not reduce to an integer constant
  130 |           case count == 0:
      |           ^~~~
../Core/Src/main.c:134:11: error: case label does not reduce to an integer constant
  134 |           case count == 1:
      |           ^~~~
../Core/Src/main.c:137:11: error: case label does not reduce to an integer constant
  137 |           case count == 2:
      |           ^~~~
../Core/Src/main.c:140:11: error: case label does not reduce to an integer constant
  140 |           case count == 3:
      |           ^~~~
../Core/Src/main.c:143:11: error: case label does not reduce to an integer constant
  143 |           case count == 4:
      |           ^~~~
../Core/Src/main.c:148:11: error: case label does not reduce to an integer constant
  148 |           case count == 5:
      |           ^~~~
../Core/Src/main.c:151:11: error: case label does not reduce to an integer constant
  151 |           case count == 6:
      |           ^~~~
../Core/Src/main.c:154:11: error: case label does not reduce to an integer constant
  154 |           case count == 7:
      |           ^~~~
make: *** [Core/Src/subdir.mk:34: Core/Src/main.o] Error 1
"make -j12 all" terminated with exit code 2. Build might be incomplete.
15:26:07 **** Incremental Build of configuration Debug for project Test1 ****
make -j12 all 
arm-none-eabi-gcc "../Core/Src/main.c" -mcpu=cortex-m4 -std=gnu11 -g3 -DDEBUG -DUSE_HAL_DRIVER -DSTM32L476xx -c -I../Core/Inc -I../Drivers/STM32L4xx_HAL_Driver/Inc -I../Drivers/STM32L4xx_HAL_Driver/Inc/Legacy -I../Drivers/CMSIS/Device/ST/STM32L4xx/Include -I../Drivers/CMSIS/Include -O0 -ffunction-sections -fdata-sections -Wall -fstack-usage -fcyclomatic-complexity -MMD -MP -MF"Core/Src/main.d" -MT"Core/Src/main.o" --specs=nano.specs -mfpu=fpv4-sp-d16 -mfloat-abi=hard -mthumb -o "Core/Src/main.o"
../Core/Src/main.c: In function 'main':
../Core/Src/main.c:112:32: error: lvalue required as left operand of assignment
  112 |                   if(count > 7 = 0){
      |                                ^
../Core/Src/main.c:130:11: error: case label does not reduce to an integer constant
  130 |           case count == 0:
      |           ^~~~
../Core/Src/main.c:134:11: error: case label does not reduce to an integer constant
  134 |           case count == 1:
      |           ^~~~
../Core/Src/main.c:137:11: error: case label does not reduce to an integer constant
  137 |           case count == 2:
      |           ^~~~
../Core/Src/main.c:140:11: error: case label does not reduce to an integer constant
  140 |           case count == 3:
      |           ^~~~
../Core/Src/main.c:143:11: error: case label does not reduce to an integer constant
  143 |           case count == 4:
      |           ^~~~
../Core/Src/main.c:148:11: error: case label does not reduce to an integer constant
  148 |           case count == 5:
      |           ^~~~
../Core/Src/main.c:151:11: error: case label does not reduce to an integer constant
  151 |           case count == 6:
      |           ^~~~
../Core/Src/main.c:154:11: error: case label does not reduce to an integer constant
  154 |           case count == 7:
      |           ^~~~
make: *** [Core/Src/subdir.mk:34: Core/Src/main.o] Error 1
"make -j12 all" terminated with exit code 2. Build might be incomplete.
15:26:17 **** Incremental Build of configuration Debug for project Test1 ****
make -j12 all 
arm-none-eabi-gcc "../Core/Src/main.c" -mcpu=cortex-m4 -std=gnu11 -g3 -DDEBUG -DUSE_HAL_DRIVER -DSTM32L476xx -c -I../Core/Inc -I../Drivers/STM32L4xx_HAL_Driver/Inc -I../Drivers/STM32L4xx_HAL_Driver/Inc/Legacy -I../Drivers/CMSIS/Device/ST/STM32L4xx/Include -I../Drivers/CMSIS/Include -O0 -ffunction-sections -fdata-sections -Wall -fstack-usage -fcyclomatic-complexity -MMD -MP -MF"Core/Src/main.d" -MT"Core/Src/main.o" --specs=nano.specs -mfpu=fpv4-sp-d16 -mfloat-abi=hard -mthumb -o "Core/Src/main.o"
../Core/Src/main.c: In function 'main':
../Core/Src/main.c:112:28: warning: suggest parentheses around comparison in operand of '==' [-Wparentheses]
  112 |                   if(count > 7 == 0){
      |                      ~~~~~~^~~
../Core/Src/main.c:130:11: error: case label does not reduce to an integer constant
  130 |           case count == 0:
      |           ^~~~
../Core/Src/main.c:134:11: error: case label does not reduce to an integer constant
  134 |           case count == 1:
      |           ^~~~
../Core/Src/main.c:137:11: error: case label does not reduce to an integer constant
  137 |           case count == 2:
      |           ^~~~
../Core/Src/main.c:140:11: error: case label does not reduce to an integer constant
  140 |           case count == 3:
      |           ^~~~
../Core/Src/main.c:143:11: error: case label does not reduce to an integer constant
  143 |           case count == 4:
      |           ^~~~
../Core/Src/main.c:148:11: error: case label does not reduce to an integer constant
  148 |           case count == 5:
      |           ^~~~
../Core/Src/main.c:151:11: error: case label does not reduce to an integer constant
  151 |           case count == 6:
      |           ^~~~
../Core/Src/main.c:154:11: error: case label does not reduce to an integer constant
  154 |           case count == 7:
      |           ^~~~
make: *** [Core/Src/subdir.mk:34: Core/Src/main.o] Error 1
"make -j12 all" terminated with exit code 2. Build might be incomplete.
15:27:53 **** Incremental Build of configuration Debug for project Test1 ****
make -j12 all 
arm-none-eabi-gcc "../Core/Src/main.c" -mcpu=cortex-m4 -std=gnu11 -g3 -DDEBUG -DUSE_HAL_DRIVER -DSTM32L476xx -c -I../Core/Inc -I../Drivers/STM32L4xx_HAL_Driver/Inc -I../Drivers/STM32L4xx_HAL_Driver/Inc/Legacy -I../Drivers/CMSIS/Device/ST/STM32L4xx/Include -I../Drivers/CMSIS/Include -O0 -ffunction-sections -fdata-sections -Wall -fstack-usage -fcyclomatic-complexity -MMD -MP -MF"Core/Src/main.d" -MT"Core/Src/main.o" --specs=nano.specs -mfpu=fpv4-sp-d16 -mfloat-abi=hard -mthumb -o "Core/Src/main.o"
../Core/Src/main.c: In function 'main':
../Core/Src/main.c:112:28: warning: suggest parentheses around comparison in operand of '==' [-Wparentheses]
  112 |                   if(count > 7 == 0){
      |                      ~~~~~~^~~
arm-none-eabi-gcc -o "Test1.elf" @"objects.list"   -mcpu=cortex-m4 -T"C:\Users\enriq\Documents\CPE316FALL\Test1\STM32L476RGTX_FLASH.ld" --specs=nosys.specs -Wl,-Map="Test1.map" -Wl,--gc-sections -static --specs=nano.specs -mfpu=fpv4-sp-d16 -mfloat-abi=hard -mthumb -Wl,--start-group -lc -lm -Wl,--end-group
Finished building target: Test1.elf
 
arm-none-eabi-size  Test1.elf 
arm-none-eabi-objdump -h -S Test1.elf  > "Test1.list"
   text	   data	    bss	    dec	    hex	filename
   6324	     12	   1572	   7908	   1ee4	Test1.elf
Finished building: default.size.stdout
 
Finished building: Test1.list
 
15:28:10 **** Incremental Build of configuration Debug for project Test1 ****
make -j12 all 
arm-none-eabi-size  Test1.elf 
   text	   data	    bss	    dec	    hex	filename
   6324	     12	   1572	   7908	   1ee4	Test1.elf
Finished building: default.size.stdout
 
15:30:29 **** Incremental Build of configuration Debug for project Test1 ****
make -j12 all 
arm-none-eabi-gcc "../Core/Src/main.c" -mcpu=cortex-m4 -std=gnu11 -g3 -DDEBUG -DUSE_HAL_DRIVER -DSTM32L476xx -c -I../Core/Inc -I../Drivers/STM32L4xx_HAL_Driver/Inc -I../Drivers/STM32L4xx_HAL_Driver/Inc/Legacy -I../Drivers/CMSIS/Device/ST/STM32L4xx/Include -I../Drivers/CMSIS/Include -O0 -ffunction-sections -fdata-sections -Wall -fstack-usage -fcyclomatic-complexity -MMD -MP -MF"Core/Src/main.d" -MT"Core/Src/main.o" --specs=nano.specs -mfpu=fpv4-sp-d16 -mfloat-abi=hard -mthumb -o "Core/Src/main.o"
../Core/Src/main.c: In function 'main':
../Core/Src/main.c:112:28: warning: suggest parentheses around comparison in operand of '==' [-Wparentheses]
  112 |                   if(count > 7 == 0){
      |                      ~~~~~~^~~
arm-none-eabi-gcc -o "Test1.elf" @"objects.list"   -mcpu=cortex-m4 -T"C:\Users\enriq\Documents\CPE316FALL\Test1\STM32L476RGTX_FLASH.ld" --specs=nosys.specs -Wl,-Map="Test1.map" -Wl,--gc-sections -static --specs=nano.specs -mfpu=fpv4-sp-d16 -mfloat-abi=hard -mthumb -Wl,--start-group -lc -lm -Wl,--end-group
Finished building target: Test1.elf
 
arm-none-eabi-size  Test1.elf 
arm-none-eabi-objdump -h -S Test1.elf  > "Test1.list"
   text	   data	    bss	    dec	    hex	filename
   6324	     12	   1572	   7908	   1ee4	Test1.elf
Finished building: default.size.stdout
 
Finished building: Test1.list
 
15:32:28 **** Incremental Build of configuration Debug for project Test1 ****
make -j12 all 
arm-none-eabi-gcc "../Core/Src/main.c" -mcpu=cortex-m4 -std=gnu11 -g3 -DDEBUG -DUSE_HAL_DRIVER -DSTM32L476xx -c -I../Core/Inc -I../Drivers/STM32L4xx_HAL_Driver/Inc -I../Drivers/STM32L4xx_HAL_Driver/Inc/Legacy -I../Drivers/CMSIS/Device/ST/STM32L4xx/Include -I../Drivers/CMSIS/Include -O0 -ffunction-sections -fdata-sections -Wall -fstack-usage -fcyclomatic-complexity -MMD -MP -MF"Core/Src/main.d" -MT"Core/Src/main.o" --specs=nano.specs -mfpu=fpv4-sp-d16 -mfloat-abi=hard -mthumb -o "Core/Src/main.o"
../Core/Src/main.c: In function 'main':
../Core/Src/main.c:112:19: warning: implicit declaration of function 'printf' [-Wimplicit-function-declaration]
  112 |                   printf("%d", count);
      |                   ^~~~~~
../Core/Src/main.c:2:1: note: include '<stdio.h>' or provide a declaration of 'printf'
    1 | #include "main.h"
  +++ |+#include <stdio.h>
    2 | 
../Core/Src/main.c:112:19: warning: incompatible implicit declaration of built-in function 'printf' [-Wbuiltin-declaration-mismatch]
  112 |                   printf("%d", count);
      |                   ^~~~~~
../Core/Src/main.c:112:19: note: include '<stdio.h>' or provide a declaration of 'printf'
../Core/Src/main.c:113:28: warning: suggest parentheses around comparison in operand of '==' [-Wparentheses]
  113 |                   if(count > 7 == 0){
      |                      ~~~~~~^~~
../Core/Src/main.c:132:27: warning: incompatible implicit declaration of built-in function 'printf' [-Wbuiltin-declaration-mismatch]
  132 |                           printf("Case 0\n");
      |                           ^~~~~~
../Core/Src/main.c:132:27: note: include '<stdio.h>' or provide a declaration of 'printf'
arm-none-eabi-gcc -o "Test1.elf" @"objects.list"   -mcpu=cortex-m4 -T"C:\Users\enriq\Documents\CPE316FALL\Test1\STM32L476RGTX_FLASH.ld" --specs=nosys.specs -Wl,-Map="Test1.map" -Wl,--gc-sections -static --specs=nano.specs -mfpu=fpv4-sp-d16 -mfloat-abi=hard -mthumb -Wl,--start-group -lc -lm -Wl,--end-group
Finished building target: Test1.elf
 
arm-none-eabi-size  Test1.elf 
arm-none-eabi-objdump -h -S Test1.elf  > "Test1.list"
   text	   data	    bss	    dec	    hex	filename
  10808	    104	   1904	  12816	   3210	Test1.elf
Finished building: default.size.stdout
 
Finished building: Test1.list
 
15:33:38 **** Incremental Build of configuration Debug for project Test1 ****
make -j12 all 
arm-none-eabi-gcc "../Core/Src/main.c" -mcpu=cortex-m4 -std=gnu11 -g3 -DDEBUG -DUSE_HAL_DRIVER -DSTM32L476xx -c -I../Core/Inc -I../Drivers/STM32L4xx_HAL_Driver/Inc -I../Drivers/STM32L4xx_HAL_Driver/Inc/Legacy -I../Drivers/CMSIS/Device/ST/STM32L4xx/Include -I../Drivers/CMSIS/Include -O0 -ffunction-sections -fdata-sections -Wall -fstack-usage -fcyclomatic-complexity -MMD -MP -MF"Core/Src/main.d" -MT"Core/Src/main.o" --specs=nano.specs -mfpu=fpv4-sp-d16 -mfloat-abi=hard -mthumb -o "Core/Src/main.o"
../Core/Src/main.c: In function 'main':
../Core/Src/main.c:117:19: warning: implicit declaration of function 'printf' [-Wimplicit-function-declaration]
  117 |                   printf("%d", count);
      |                   ^~~~~~
../Core/Src/main.c:2:1: note: include '<stdio.h>' or provide a declaration of 'printf'
    1 | #include "main.h"
  +++ |+#include <stdio.h>
    2 | 
../Core/Src/main.c:117:19: warning: incompatible implicit declaration of built-in function 'printf' [-Wbuiltin-declaration-mismatch]
  117 |                   printf("%d", count);
      |                   ^~~~~~
../Core/Src/main.c:117:19: note: include '<stdio.h>' or provide a declaration of 'printf'
../Core/Src/main.c:118:28: warning: suggest parentheses around comparison in operand of '==' [-Wparentheses]
  118 |                   if(count > 7 == 0){
      |                      ~~~~~~^~~
../Core/Src/main.c:137:27: warning: incompatible implicit declaration of built-in function 'printf' [-Wbuiltin-declaration-mismatch]
  137 |                           printf("Case 0\n");
      |                           ^~~~~~
../Core/Src/main.c:137:27: note: include '<stdio.h>' or provide a declaration of 'printf'
arm-none-eabi-gcc -o "Test1.elf" @"objects.list"   -mcpu=cortex-m4 -T"C:\Users\enriq\Documents\CPE316FALL\Test1\STM32L476RGTX_FLASH.ld" --specs=nosys.specs -Wl,-Map="Test1.map" -Wl,--gc-sections -static --specs=nano.specs -mfpu=fpv4-sp-d16 -mfloat-abi=hard -mthumb -Wl,--start-group -lc -lm -Wl,--end-group
Finished building target: Test1.elf
 
arm-none-eabi-size  Test1.elf 
arm-none-eabi-objdump -h -S Test1.elf  > "Test1.list"
   text	   data	    bss	    dec	    hex	filename
  10824	    104	   1904	  12832	   3220	Test1.elf
Finished building: default.size.stdout
 
Finished building: Test1.list
 
15:37:09 **** Incremental Build of configuration Debug for project Test1 ****
make -j12 all 
arm-none-eabi-gcc "../Core/Src/main.c" -mcpu=cortex-m4 -std=gnu11 -g3 -DDEBUG -DUSE_HAL_DRIVER -DSTM32L476xx -c -I../Core/Inc -I../Drivers/STM32L4xx_HAL_Driver/Inc -I../Drivers/STM32L4xx_HAL_Driver/Inc/Legacy -I../Drivers/CMSIS/Device/ST/STM32L4xx/Include -I../Drivers/CMSIS/Include -O0 -ffunction-sections -fdata-sections -Wall -fstack-usage -fcyclomatic-complexity -MMD -MP -MF"Core/Src/main.d" -MT"Core/Src/main.o" --specs=nano.specs -mfpu=fpv4-sp-d16 -mfloat-abi=hard -mthumb -o "Core/Src/main.o"
../Core/Src/main.c: In function 'main':
../Core/Src/main.c:118:28: warning: suggest parentheses around comparison in operand of '==' [-Wparentheses]
  118 |                   if(count > 7 == 0){
      |                      ~~~~~~^~~
../Core/Src/main.c:137:27: warning: implicit declaration of function 'printf' [-Wimplicit-function-declaration]
  137 |                           printf("Case 0\n");
      |                           ^~~~~~
../Core/Src/main.c:2:1: note: include '<stdio.h>' or provide a declaration of 'printf'
    1 | #include "main.h"
  +++ |+#include <stdio.h>
    2 | 
../Core/Src/main.c:137:27: warning: incompatible implicit declaration of built-in function 'printf' [-Wbuiltin-declaration-mismatch]
  137 |                           printf("Case 0\n");
      |                           ^~~~~~
../Core/Src/main.c:137:27: note: include '<stdio.h>' or provide a declaration of 'printf'
arm-none-eabi-gcc -o "Test1.elf" @"objects.list"   -mcpu=cortex-m4 -T"C:\Users\enriq\Documents\CPE316FALL\Test1\STM32L476RGTX_FLASH.ld" --specs=nosys.specs -Wl,-Map="Test1.map" -Wl,--gc-sections -static --specs=nano.specs -mfpu=fpv4-sp-d16 -mfloat-abi=hard -mthumb -Wl,--start-group -lc -lm -Wl,--end-group
Finished building target: Test1.elf
 
arm-none-eabi-size  Test1.elf 
arm-none-eabi-objdump -h -S Test1.elf  > "Test1.list"
   text	   data	    bss	    dec	    hex	filename
   9112	    104	   1904	  11120	   2b70	Test1.elf
Finished building: default.size.stdout
 
Finished building: Test1.list
 
16:04:56 **** Incremental Build of configuration Debug for project Test1 ****
make -j12 all 
arm-none-eabi-gcc "../Core/Src/main.c" -mcpu=cortex-m4 -std=gnu11 -g3 -DDEBUG -DUSE_HAL_DRIVER -DSTM32L476xx -c -I../Core/Inc -I../Drivers/STM32L4xx_HAL_Driver/Inc -I../Drivers/STM32L4xx_HAL_Driver/Inc/Legacy -I../Drivers/CMSIS/Device/ST/STM32L4xx/Include -I../Drivers/CMSIS/Include -O0 -ffunction-sections -fdata-sections -Wall -fstack-usage -fcyclomatic-complexity -MMD -MP -MF"Core/Src/main.d" -MT"Core/Src/main.o" --specs=nano.specs -mfpu=fpv4-sp-d16 -mfloat-abi=hard -mthumb -o "Core/Src/main.o"
../Core/Src/main.c: In function 'main':
../Core/Src/main.c:118:28: warning: suggest parentheses around comparison in operand of '==' [-Wparentheses]
  118 |                   if(count > 7 == 0){
      |                      ~~~~~~^~~
../Core/Src/main.c:119:27: warning: implicit declaration of function 'HAL_delay'; did you mean 'HAL_Delay'? [-Wimplicit-function-declaration]
  119 |                           HAL_delay(50);
      |                           ^~~~~~~~~
      |                           HAL_Delay
../Core/Src/main.c:138:27: warning: implicit declaration of function 'printf' [-Wimplicit-function-declaration]
  138 |                           printf("Case 0\n");
      |                           ^~~~~~
../Core/Src/main.c:2:1: note: include '<stdio.h>' or provide a declaration of 'printf'
    1 | #include "main.h"
  +++ |+#include <stdio.h>
    2 | 
../Core/Src/main.c:138:27: warning: incompatible implicit declaration of built-in function 'printf' [-Wbuiltin-declaration-mismatch]
  138 |                           printf("Case 0\n");
      |                           ^~~~~~
../Core/Src/main.c:138:27: note: include '<stdio.h>' or provide a declaration of 'printf'
arm-none-eabi-gcc -o "Test1.elf" @"objects.list"   -mcpu=cortex-m4 -T"C:\Users\enriq\Documents\CPE316FALL\Test1\STM32L476RGTX_FLASH.ld" --specs=nosys.specs -Wl,-Map="Test1.map" -Wl,--gc-sections -static --specs=nano.specs -mfpu=fpv4-sp-d16 -mfloat-abi=hard -mthumb -Wl,--start-group -lc -lm -Wl,--end-group
C:/ST/STM32CubeIDE_1.16.1/STM32CubeIDE/plugins/com.st.stm32cube.ide.mcu.externaltools.gnu-tools-for-stm32.12.3.rel1.win32_1.0.200.202406191623/tools/bin/../lib/gcc/arm-none-eabi/12.3.1/../../../../arm-none-eabi/bin/ld.exe: ./Core/Src/main.o: in function `main':
C:/Users/enriq/Documents/CPE316FALL/Test1/Debug/../Core/Src/main.c:119: undefined reference to `HAL_delay'
collect2.exe: error: ld returned 1 exit status
make: *** [makefile:64: Test1.elf] Error 1
"make -j12 all" terminated with exit code 2. Build might be incomplete.
16:05:28 **** Incremental Build of configuration Debug for project Test1 ****
make -j12 all 
arm-none-eabi-gcc "../Core/Src/main.c" -mcpu=cortex-m4 -std=gnu11 -g3 -DDEBUG -DUSE_HAL_DRIVER -DSTM32L476xx -c -I../Core/Inc -I../Drivers/STM32L4xx_HAL_Driver/Inc -I../Drivers/STM32L4xx_HAL_Driver/Inc/Legacy -I../Drivers/CMSIS/Device/ST/STM32L4xx/Include -I../Drivers/CMSIS/Include -O0 -ffunction-sections -fdata-sections -Wall -fstack-usage -fcyclomatic-complexity -MMD -MP -MF"Core/Src/main.d" -MT"Core/Src/main.o" --specs=nano.specs -mfpu=fpv4-sp-d16 -mfloat-abi=hard -mthumb -o "Core/Src/main.o"
../Core/Src/main.c: In function 'main':
../Core/Src/main.c:118:28: warning: suggest parentheses around comparison in operand of '==' [-Wparentheses]
  118 |                   if(count > 7 == 0){
      |                      ~~~~~~^~~
../Core/Src/main.c:138:27: warning: implicit declaration of function 'printf' [-Wimplicit-function-declaration]
  138 |                           printf("Case 0\n");
      |                           ^~~~~~
../Core/Src/main.c:2:1: note: include '<stdio.h>' or provide a declaration of 'printf'
    1 | #include "main.h"
  +++ |+#include <stdio.h>
    2 | 
../Core/Src/main.c:138:27: warning: incompatible implicit declaration of built-in function 'printf' [-Wbuiltin-declaration-mismatch]
  138 |                           printf("Case 0\n");
      |                           ^~~~~~
../Core/Src/main.c:138:27: note: include '<stdio.h>' or provide a declaration of 'printf'
arm-none-eabi-gcc -o "Test1.elf" @"objects.list"   -mcpu=cortex-m4 -T"C:\Users\enriq\Documents\CPE316FALL\Test1\STM32L476RGTX_FLASH.ld" --specs=nosys.specs -Wl,-Map="Test1.map" -Wl,--gc-sections -static --specs=nano.specs -mfpu=fpv4-sp-d16 -mfloat-abi=hard -mthumb -Wl,--start-group -lc -lm -Wl,--end-group
Finished building target: Test1.elf
 
arm-none-eabi-size  Test1.elf 
arm-none-eabi-objdump -h -S Test1.elf  > "Test1.list"
   text	   data	    bss	    dec	    hex	filename
   9192	    104	   1904	  11200	   2bc0	Test1.elf
Finished building: default.size.stdout
 
Finished building: Test1.list
 
16:06:02 **** Incremental Build of configuration Debug for project Test1 ****
make -j12 all 
arm-none-eabi-size  Test1.elf 
   text	   data	    bss	    dec	    hex	filename
   9192	    104	   1904	  11200	   2bc0	Test1.elf
Finished building: default.size.stdout
 
16:13:41 **** Incremental Build of configuration Debug for project Test1 ****
make -j12 all 
arm-none-eabi-gcc "../Core/Src/main.c" -mcpu=cortex-m4 -std=gnu11 -g3 -DDEBUG -DUSE_HAL_DRIVER -DSTM32L476xx -c -I../Core/Inc -I../Drivers/STM32L4xx_HAL_Driver/Inc -I../Drivers/STM32L4xx_HAL_Driver/Inc/Legacy -I../Drivers/CMSIS/Device/ST/STM32L4xx/Include -I../Drivers/CMSIS/Include -O0 -ffunction-sections -fdata-sections -Wall -fstack-usage -fcyclomatic-complexity -MMD -MP -MF"Core/Src/main.d" -MT"Core/Src/main.o" --specs=nano.specs -mfpu=fpv4-sp-d16 -mfloat-abi=hard -mthumb -o "Core/Src/main.o"
../Core/Src/main.c: In function 'main':
../Core/Src/main.c:118:28: warning: suggest parentheses around comparison in operand of '==' [-Wparentheses]
  118 |                   if(count > 7 == 0){
      |                      ~~~~~~^~~
../Core/Src/main.c:138:27: warning: implicit declaration of function 'printf' [-Wimplicit-function-declaration]
  138 |                           printf("Case 0\n");
      |                           ^~~~~~
../Core/Src/main.c:2:1: note: include '<stdio.h>' or provide a declaration of 'printf'
    1 | #include "main.h"
  +++ |+#include <stdio.h>
    2 | 
../Core/Src/main.c:138:27: warning: incompatible implicit declaration of built-in function 'printf' [-Wbuiltin-declaration-mismatch]
  138 |                           printf("Case 0\n");
      |                           ^~~~~~
../Core/Src/main.c:138:27: note: include '<stdio.h>' or provide a declaration of 'printf'
arm-none-eabi-gcc -o "Test1.elf" @"objects.list"   -mcpu=cortex-m4 -T"C:\Users\enriq\Documents\CPE316FALL\Test1\STM32L476RGTX_FLASH.ld" --specs=nosys.specs -Wl,-Map="Test1.map" -Wl,--gc-sections -static --specs=nano.specs -mfpu=fpv4-sp-d16 -mfloat-abi=hard -mthumb -Wl,--start-group -lc -lm -Wl,--end-group
Finished building target: Test1.elf
 
arm-none-eabi-size  Test1.elf 
arm-none-eabi-objdump -h -S Test1.elf  > "Test1.list"
   text	   data	    bss	    dec	    hex	filename
   9192	    104	   1904	  11200	   2bc0	Test1.elf
Finished building: default.size.stdout
 
Finished building: Test1.list
 
16:15:04 **** Incremental Build of configuration Debug for project Test1 ****
make -j12 all 
arm-none-eabi-gcc "../Core/Src/main.c" -mcpu=cortex-m4 -std=gnu11 -g3 -DDEBUG -DUSE_HAL_DRIVER -DSTM32L476xx -c -I../Core/Inc -I../Drivers/STM32L4xx_HAL_Driver/Inc -I../Drivers/STM32L4xx_HAL_Driver/Inc/Legacy -I../Drivers/CMSIS/Device/ST/STM32L4xx/Include -I../Drivers/CMSIS/Include -O0 -ffunction-sections -fdata-sections -Wall -fstack-usage -fcyclomatic-complexity -MMD -MP -MF"Core/Src/main.d" -MT"Core/Src/main.o" --specs=nano.specs -mfpu=fpv4-sp-d16 -mfloat-abi=hard -mthumb -o "Core/Src/main.o"
../Core/Src/main.c: In function 'main':
../Core/Src/main.c:119:28: warning: suggest parentheses around comparison in operand of '==' [-Wparentheses]
  119 |                   if(count > 7 == 0){
      |                      ~~~~~~^~~
../Core/Src/main.c:139:27: warning: implicit declaration of function 'printf' [-Wimplicit-function-declaration]
  139 |                           printf("Case 0\n");
      |                           ^~~~~~
../Core/Src/main.c:2:1: note: include '<stdio.h>' or provide a declaration of 'printf'
    1 | #include "main.h"
  +++ |+#include <stdio.h>
    2 | 
../Core/Src/main.c:139:27: warning: incompatible implicit declaration of built-in function 'printf' [-Wbuiltin-declaration-mismatch]
  139 |                           printf("Case 0\n");
      |                           ^~~~~~
../Core/Src/main.c:139:27: note: include '<stdio.h>' or provide a declaration of 'printf'
arm-none-eabi-gcc -o "Test1.elf" @"objects.list"   -mcpu=cortex-m4 -T"C:\Users\enriq\Documents\CPE316FALL\Test1\STM32L476RGTX_FLASH.ld" --specs=nosys.specs -Wl,-Map="Test1.map" -Wl,--gc-sections -static --specs=nano.specs -mfpu=fpv4-sp-d16 -mfloat-abi=hard -mthumb -Wl,--start-group -lc -lm -Wl,--end-group
Finished building target: Test1.elf
 
arm-none-eabi-size  Test1.elf 
arm-none-eabi-objdump -h -S Test1.elf  > "Test1.list"
   text	   data	    bss	    dec	    hex	filename
   9192	    104	   1904	  11200	   2bc0	Test1.elf
Finished building: default.size.stdout
 
Finished building: Test1.list
 
16:15:34 **** Incremental Build of configuration Debug for project Test1 ****
make -j12 all 
arm-none-eabi-gcc "../Core/Src/main.c" -mcpu=cortex-m4 -std=gnu11 -g3 -DDEBUG -DUSE_HAL_DRIVER -DSTM32L476xx -c -I../Core/Inc -I../Drivers/STM32L4xx_HAL_Driver/Inc -I../Drivers/STM32L4xx_HAL_Driver/Inc/Legacy -I../Drivers/CMSIS/Device/ST/STM32L4xx/Include -I../Drivers/CMSIS/Include -O0 -ffunction-sections -fdata-sections -Wall -fstack-usage -fcyclomatic-complexity -MMD -MP -MF"Core/Src/main.d" -MT"Core/Src/main.o" --specs=nano.specs -mfpu=fpv4-sp-d16 -mfloat-abi=hard -mthumb -o "Core/Src/main.o"
../Core/Src/main.c: In function 'main':
../Core/Src/main.c:119:28: warning: suggest parentheses around comparison in operand of '==' [-Wparentheses]
  119 |                   if(count > 7 == 0){
      |                      ~~~~~~^~~
../Core/Src/main.c:139:27: warning: implicit declaration of function 'printf' [-Wimplicit-function-declaration]
  139 |                           printf("Case 0\n");
      |                           ^~~~~~
../Core/Src/main.c:2:1: note: include '<stdio.h>' or provide a declaration of 'printf'
    1 | #include "main.h"
  +++ |+#include <stdio.h>
    2 | 
../Core/Src/main.c:139:27: warning: incompatible implicit declaration of built-in function 'printf' [-Wbuiltin-declaration-mismatch]
  139 |                           printf("Case 0\n");
      |                           ^~~~~~
../Core/Src/main.c:139:27: note: include '<stdio.h>' or provide a declaration of 'printf'
arm-none-eabi-gcc -o "Test1.elf" @"objects.list"   -mcpu=cortex-m4 -T"C:\Users\enriq\Documents\CPE316FALL\Test1\STM32L476RGTX_FLASH.ld" --specs=nosys.specs -Wl,-Map="Test1.map" -Wl,--gc-sections -static --specs=nano.specs -mfpu=fpv4-sp-d16 -mfloat-abi=hard -mthumb -Wl,--start-group -lc -lm -Wl,--end-group
Finished building target: Test1.elf
 
arm-none-eabi-size  Test1.elf 
arm-none-eabi-objdump -h -S Test1.elf  > "Test1.list"
   text	   data	    bss	    dec	    hex	filename
   9192	    104	   1904	  11200	   2bc0	Test1.elf
Finished building: default.size.stdout
 
Finished building: Test1.list
 
16:17:02 **** Incremental Build of configuration Debug for project Test1 ****
make -j12 all 
arm-none-eabi-gcc "../Core/Src/main.c" -mcpu=cortex-m4 -std=gnu11 -g3 -DDEBUG -DUSE_HAL_DRIVER -DSTM32L476xx -c -I../Core/Inc -I../Drivers/STM32L4xx_HAL_Driver/Inc -I../Drivers/STM32L4xx_HAL_Driver/Inc/Legacy -I../Drivers/CMSIS/Device/ST/STM32L4xx/Include -I../Drivers/CMSIS/Include -O0 -ffunction-sections -fdata-sections -Wall -fstack-usage -fcyclomatic-complexity -MMD -MP -MF"Core/Src/main.d" -MT"Core/Src/main.o" --specs=nano.specs -mfpu=fpv4-sp-d16 -mfloat-abi=hard -mthumb -o "Core/Src/main.o"
../Core/Src/main.c: In function 'main':
../Core/Src/main.c:119:28: warning: suggest parentheses around comparison in operand of '==' [-Wparentheses]
  119 |                   if(count > 7 == 0){
      |                      ~~~~~~^~~
../Core/Src/main.c:139:27: warning: implicit declaration of function 'printf' [-Wimplicit-function-declaration]
  139 |                           printf("Case 0\n");
      |                           ^~~~~~
../Core/Src/main.c:2:1: note: include '<stdio.h>' or provide a declaration of 'printf'
    1 | #include "main.h"
  +++ |+#include <stdio.h>
    2 | 
../Core/Src/main.c:139:27: warning: incompatible implicit declaration of built-in function 'printf' [-Wbuiltin-declaration-mismatch]
  139 |                           printf("Case 0\n");
      |                           ^~~~~~
../Core/Src/main.c:139:27: note: include '<stdio.h>' or provide a declaration of 'printf'
arm-none-eabi-gcc -o "Test1.elf" @"objects.list"   -mcpu=cortex-m4 -T"C:\Users\enriq\Documents\CPE316FALL\Test1\STM32L476RGTX_FLASH.ld" --specs=nosys.specs -Wl,-Map="Test1.map" -Wl,--gc-sections -static --specs=nano.specs -mfpu=fpv4-sp-d16 -mfloat-abi=hard -mthumb -Wl,--start-group -lc -lm -Wl,--end-group
Finished building target: Test1.elf
 
arm-none-eabi-size  Test1.elf 
arm-none-eabi-objdump -h -S Test1.elf  > "Test1.list"
   text	   data	    bss	    dec	    hex	filename
   9192	    104	   1904	  11200	   2bc0	Test1.elf
Finished building: default.size.stdout
 
Finished building: Test1.list
 
16:18:54 **** Incremental Build of configuration Debug for project Test1 ****
make -j12 all 
arm-none-eabi-gcc "../Core/Src/main.c" -mcpu=cortex-m4 -std=gnu11 -g3 -DDEBUG -DUSE_HAL_DRIVER -DSTM32L476xx -c -I../Core/Inc -I../Drivers/STM32L4xx_HAL_Driver/Inc -I../Drivers/STM32L4xx_HAL_Driver/Inc/Legacy -I../Drivers/CMSIS/Device/ST/STM32L4xx/Include -I../Drivers/CMSIS/Include -O0 -ffunction-sections -fdata-sections -Wall -fstack-usage -fcyclomatic-complexity -MMD -MP -MF"Core/Src/main.d" -MT"Core/Src/main.o" --specs=nano.specs -mfpu=fpv4-sp-d16 -mfloat-abi=hard -mthumb -o "Core/Src/main.o"
../Core/Src/main.c: In function 'main':
../Core/Src/main.c:119:28: warning: suggest parentheses around comparison in operand of '==' [-Wparentheses]
  119 |                   if(count > 7 == 0){
      |                      ~~~~~~^~~
arm-none-eabi-gcc -o "Test1.elf" @"objects.list"   -mcpu=cortex-m4 -T"C:\Users\enriq\Documents\CPE316FALL\Test1\STM32L476RGTX_FLASH.ld" --specs=nosys.specs -Wl,-Map="Test1.map" -Wl,--gc-sections -static --specs=nano.specs -mfpu=fpv4-sp-d16 -mfloat-abi=hard -mthumb -Wl,--start-group -lc -lm -Wl,--end-group
Finished building target: Test1.elf
 
arm-none-eabi-size  Test1.elf 
arm-none-eabi-objdump -h -S Test1.elf  > "Test1.list"
   text	   data	    bss	    dec	    hex	filename
   6288	     12	   1572	   7872	   1ec0	Test1.elf
Finished building: default.size.stdout
 
Finished building: Test1.list
 
16:19:58 **** Incremental Build of configuration Debug for project Test1 ****
make -j12 all 
arm-none-eabi-gcc "../Core/Src/main.c" -mcpu=cortex-m4 -std=gnu11 -g3 -DDEBUG -DUSE_HAL_DRIVER -DSTM32L476xx -c -I../Core/Inc -I../Drivers/STM32L4xx_HAL_Driver/Inc -I../Drivers/STM32L4xx_HAL_Driver/Inc/Legacy -I../Drivers/CMSIS/Device/ST/STM32L4xx/Include -I../Drivers/CMSIS/Include -O0 -ffunction-sections -fdata-sections -Wall -fstack-usage -fcyclomatic-complexity -MMD -MP -MF"Core/Src/main.d" -MT"Core/Src/main.o" --specs=nano.specs -mfpu=fpv4-sp-d16 -mfloat-abi=hard -mthumb -o "Core/Src/main.o"
../Core/Src/main.c: In function 'main':
../Core/Src/main.c:122:28: warning: suggest parentheses around comparison in operand of '==' [-Wparentheses]
  122 |                   if(count > 7 == 0){
      |                      ~~~~~~^~~
arm-none-eabi-gcc -o "Test1.elf" @"objects.list"   -mcpu=cortex-m4 -T"C:\Users\enriq\Documents\CPE316FALL\Test1\STM32L476RGTX_FLASH.ld" --specs=nosys.specs -Wl,-Map="Test1.map" -Wl,--gc-sections -static --specs=nano.specs -mfpu=fpv4-sp-d16 -mfloat-abi=hard -mthumb -Wl,--start-group -lc -lm -Wl,--end-group
Finished building target: Test1.elf
 
arm-none-eabi-size  Test1.elf 
arm-none-eabi-objdump -h -S Test1.elf  > "Test1.list"
   text	   data	    bss	    dec	    hex	filename
   6308	     12	   1572	   7892	   1ed4	Test1.elf
Finished building: default.size.stdout
 
Finished building: Test1.list
 
16:20:28 **** Incremental Build of configuration Debug for project Test1 ****
make -j12 all 
arm-none-eabi-gcc "../Core/Src/main.c" -mcpu=cortex-m4 -std=gnu11 -g3 -DDEBUG -DUSE_HAL_DRIVER -DSTM32L476xx -c -I../Core/Inc -I../Drivers/STM32L4xx_HAL_Driver/Inc -I../Drivers/STM32L4xx_HAL_Driver/Inc/Legacy -I../Drivers/CMSIS/Device/ST/STM32L4xx/Include -I../Drivers/CMSIS/Include -O0 -ffunction-sections -fdata-sections -Wall -fstack-usage -fcyclomatic-complexity -MMD -MP -MF"Core/Src/main.d" -MT"Core/Src/main.o" --specs=nano.specs -mfpu=fpv4-sp-d16 -mfloat-abi=hard -mthumb -o "Core/Src/main.o"
../Core/Src/main.c: In function 'main':
../Core/Src/main.c:122:28: warning: suggest parentheses around comparison in operand of '==' [-Wparentheses]
  122 |                   if(count > 7 == 0){
      |                      ~~~~~~^~~
arm-none-eabi-gcc -o "Test1.elf" @"objects.list"   -mcpu=cortex-m4 -T"C:\Users\enriq\Documents\CPE316FALL\Test1\STM32L476RGTX_FLASH.ld" --specs=nosys.specs -Wl,-Map="Test1.map" -Wl,--gc-sections -static --specs=nano.specs -mfpu=fpv4-sp-d16 -mfloat-abi=hard -mthumb -Wl,--start-group -lc -lm -Wl,--end-group
Finished building target: Test1.elf
 
arm-none-eabi-size  Test1.elf 
arm-none-eabi-objdump -h -S Test1.elf  > "Test1.list"
   text	   data	    bss	    dec	    hex	filename
   6308	     12	   1572	   7892	   1ed4	Test1.elf
Finished building: default.size.stdout
 
Finished building: Test1.list
 
16:21:30 **** Incremental Build of configuration Debug for project Test1 ****
make -j12 all 
arm-none-eabi-gcc "../Core/Src/main.c" -mcpu=cortex-m4 -std=gnu11 -g3 -DDEBUG -DUSE_HAL_DRIVER -DSTM32L476xx -c -I../Core/Inc -I../Drivers/STM32L4xx_HAL_Driver/Inc -I../Drivers/STM32L4xx_HAL_Driver/Inc/Legacy -I../Drivers/CMSIS/Device/ST/STM32L4xx/Include -I../Drivers/CMSIS/Include -O0 -ffunction-sections -fdata-sections -Wall -fstack-usage -fcyclomatic-complexity -MMD -MP -MF"Core/Src/main.d" -MT"Core/Src/main.o" --specs=nano.specs -mfpu=fpv4-sp-d16 -mfloat-abi=hard -mthumb -o "Core/Src/main.o"
../Core/Src/main.c: In function 'main':
../Core/Src/main.c:126:28: warning: suggest parentheses around comparison in operand of '==' [-Wparentheses]
  126 |                   if(count > 7 == 0){
      |                      ~~~~~~^~~
arm-none-eabi-gcc -o "Test1.elf" @"objects.list"   -mcpu=cortex-m4 -T"C:\Users\enriq\Documents\CPE316FALL\Test1\STM32L476RGTX_FLASH.ld" --specs=nosys.specs -Wl,-Map="Test1.map" -Wl,--gc-sections -static --specs=nano.specs -mfpu=fpv4-sp-d16 -mfloat-abi=hard -mthumb -Wl,--start-group -lc -lm -Wl,--end-group
Finished building target: Test1.elf
 
arm-none-eabi-size  Test1.elf 
arm-none-eabi-objdump -h -S Test1.elf  > "Test1.list"
   text	   data	    bss	    dec	    hex	filename
   6324	     12	   1572	   7908	   1ee4	Test1.elf
Finished building: default.size.stdout
 
Finished building: Test1.list
 
16:21:55 **** Incremental Build of configuration Debug for project Test1 ****
make -j12 all 
arm-none-eabi-gcc "../Core/Src/main.c" -mcpu=cortex-m4 -std=gnu11 -g3 -DDEBUG -DUSE_HAL_DRIVER -DSTM32L476xx -c -I../Core/Inc -I../Drivers/STM32L4xx_HAL_Driver/Inc -I../Drivers/STM32L4xx_HAL_Driver/Inc/Legacy -I../Drivers/CMSIS/Device/ST/STM32L4xx/Include -I../Drivers/CMSIS/Include -O0 -ffunction-sections -fdata-sections -Wall -fstack-usage -fcyclomatic-complexity -MMD -MP -MF"Core/Src/main.d" -MT"Core/Src/main.o" --specs=nano.specs -mfpu=fpv4-sp-d16 -mfloat-abi=hard -mthumb -o "Core/Src/main.o"
../Core/Src/main.c: In function 'main':
../Core/Src/main.c:126:28: warning: suggest parentheses around comparison in operand of '==' [-Wparentheses]
  126 |                   if(count > 7 == 0){
      |                      ~~~~~~^~~
arm-none-eabi-gcc -o "Test1.elf" @"objects.list"   -mcpu=cortex-m4 -T"C:\Users\enriq\Documents\CPE316FALL\Test1\STM32L476RGTX_FLASH.ld" --specs=nosys.specs -Wl,-Map="Test1.map" -Wl,--gc-sections -static --specs=nano.specs -mfpu=fpv4-sp-d16 -mfloat-abi=hard -mthumb -Wl,--start-group -lc -lm -Wl,--end-group
Finished building target: Test1.elf
 
arm-none-eabi-size  Test1.elf 
arm-none-eabi-objdump -h -S Test1.elf  > "Test1.list"
   text	   data	    bss	    dec	    hex	filename
   6324	     12	   1572	   7908	   1ee4	Test1.elf
Finished building: default.size.stdout
 
Finished building: Test1.list
 
16:23:40 **** Incremental Build of configuration Debug for project Test1 ****
make -j12 all 
arm-none-eabi-gcc "../Core/Src/main.c" -mcpu=cortex-m4 -std=gnu11 -g3 -DDEBUG -DUSE_HAL_DRIVER -DSTM32L476xx -c -I../Core/Inc -I../Drivers/STM32L4xx_HAL_Driver/Inc -I../Drivers/STM32L4xx_HAL_Driver/Inc/Legacy -I../Drivers/CMSIS/Device/ST/STM32L4xx/Include -I../Drivers/CMSIS/Include -O0 -ffunction-sections -fdata-sections -Wall -fstack-usage -fcyclomatic-complexity -MMD -MP -MF"Core/Src/main.d" -MT"Core/Src/main.o" --specs=nano.specs -mfpu=fpv4-sp-d16 -mfloat-abi=hard -mthumb -o "Core/Src/main.o"
../Core/Src/main.c: In function 'main':
../Core/Src/main.c:126:28: warning: suggest parentheses around comparison in operand of '==' [-Wparentheses]
  126 |                   if(count > 7 == 0){
      |                      ~~~~~~^~~
arm-none-eabi-gcc -o "Test1.elf" @"objects.list"   -mcpu=cortex-m4 -T"C:\Users\enriq\Documents\CPE316FALL\Test1\STM32L476RGTX_FLASH.ld" --specs=nosys.specs -Wl,-Map="Test1.map" -Wl,--gc-sections -static --specs=nano.specs -mfpu=fpv4-sp-d16 -mfloat-abi=hard -mthumb -Wl,--start-group -lc -lm -Wl,--end-group
Finished building target: Test1.elf
 
arm-none-eabi-size  Test1.elf 
arm-none-eabi-objdump -h -S Test1.elf  > "Test1.list"
   text	   data	    bss	    dec	    hex	filename
   6328	     12	   1572	   7912	   1ee8	Test1.elf
Finished building: default.size.stdout
 
Finished building: Test1.list
 
16:24:25 **** Incremental Build of configuration Debug for project Test1 ****
make -j12 all 
arm-none-eabi-gcc "../Core/Src/main.c" -mcpu=cortex-m4 -std=gnu11 -g3 -DDEBUG -DUSE_HAL_DRIVER -DSTM32L476xx -c -I../Core/Inc -I../Drivers/STM32L4xx_HAL_Driver/Inc -I../Drivers/STM32L4xx_HAL_Driver/Inc/Legacy -I../Drivers/CMSIS/Device/ST/STM32L4xx/Include -I../Drivers/CMSIS/Include -O0 -ffunction-sections -fdata-sections -Wall -fstack-usage -fcyclomatic-complexity -MMD -MP -MF"Core/Src/main.d" -MT"Core/Src/main.o" --specs=nano.specs -mfpu=fpv4-sp-d16 -mfloat-abi=hard -mthumb -o "Core/Src/main.o"
../Core/Src/main.c: In function 'main':
../Core/Src/main.c:126:28: warning: suggest parentheses around comparison in operand of '==' [-Wparentheses]
  126 |                   if(count > 7 == 0){
      |                      ~~~~~~^~~
arm-none-eabi-gcc -o "Test1.elf" @"objects.list"   -mcpu=cortex-m4 -T"C:\Users\enriq\Documents\CPE316FALL\Test1\STM32L476RGTX_FLASH.ld" --specs=nosys.specs -Wl,-Map="Test1.map" -Wl,--gc-sections -static --specs=nano.specs -mfpu=fpv4-sp-d16 -mfloat-abi=hard -mthumb -Wl,--start-group -lc -lm -Wl,--end-group
Finished building target: Test1.elf
 
arm-none-eabi-size  Test1.elf 
arm-none-eabi-objdump -h -S Test1.elf  > "Test1.list"
   text	   data	    bss	    dec	    hex	filename
   6308	     12	   1572	   7892	   1ed4	Test1.elf
Finished building: default.size.stdout
 
Finished building: Test1.list
 
16:25:08 **** Incremental Build of configuration Debug for project Test1 ****
make -j12 all 
arm-none-eabi-gcc "../Core/Src/main.c" -mcpu=cortex-m4 -std=gnu11 -g3 -DDEBUG -DUSE_HAL_DRIVER -DSTM32L476xx -c -I../Core/Inc -I../Drivers/STM32L4xx_HAL_Driver/Inc -I../Drivers/STM32L4xx_HAL_Driver/Inc/Legacy -I../Drivers/CMSIS/Device/ST/STM32L4xx/Include -I../Drivers/CMSIS/Include -O0 -ffunction-sections -fdata-sections -Wall -fstack-usage -fcyclomatic-complexity -MMD -MP -MF"Core/Src/main.d" -MT"Core/Src/main.o" --specs=nano.specs -mfpu=fpv4-sp-d16 -mfloat-abi=hard -mthumb -o "Core/Src/main.o"
../Core/Src/main.c: In function 'main':
../Core/Src/main.c:126:28: warning: suggest parentheses around comparison in operand of '==' [-Wparentheses]
  126 |                   if(count > 7 == 0){
      |                      ~~~~~~^~~
arm-none-eabi-gcc -o "Test1.elf" @"objects.list"   -mcpu=cortex-m4 -T"C:\Users\enriq\Documents\CPE316FALL\Test1\STM32L476RGTX_FLASH.ld" --specs=nosys.specs -Wl,-Map="Test1.map" -Wl,--gc-sections -static --specs=nano.specs -mfpu=fpv4-sp-d16 -mfloat-abi=hard -mthumb -Wl,--start-group -lc -lm -Wl,--end-group
Finished building target: Test1.elf
 
arm-none-eabi-size  Test1.elf 
arm-none-eabi-objdump -h -S Test1.elf  > "Test1.list"
   text	   data	    bss	    dec	    hex	filename
   6308	     12	   1572	   7892	   1ed4	Test1.elf
Finished building: default.size.stdout
 
Finished building: Test1.list
 
16:25:41 **** Incremental Build of configuration Debug for project Test1 ****
make -j12 all 
arm-none-eabi-gcc "../Core/Src/main.c" -mcpu=cortex-m4 -std=gnu11 -g3 -DDEBUG -DUSE_HAL_DRIVER -DSTM32L476xx -c -I../Core/Inc -I../Drivers/STM32L4xx_HAL_Driver/Inc -I../Drivers/STM32L4xx_HAL_Driver/Inc/Legacy -I../Drivers/CMSIS/Device/ST/STM32L4xx/Include -I../Drivers/CMSIS/Include -O0 -ffunction-sections -fdata-sections -Wall -fstack-usage -fcyclomatic-complexity -MMD -MP -MF"Core/Src/main.d" -MT"Core/Src/main.o" --specs=nano.specs -mfpu=fpv4-sp-d16 -mfloat-abi=hard -mthumb -o "Core/Src/main.o"
../Core/Src/main.c: In function 'main':
../Core/Src/main.c:126:28: warning: suggest parentheses around comparison in operand of '==' [-Wparentheses]
  126 |                   if(count > 7 == 0){
      |                      ~~~~~~^~~
arm-none-eabi-gcc -o "Test1.elf" @"objects.list"   -mcpu=cortex-m4 -T"C:\Users\enriq\Documents\CPE316FALL\Test1\STM32L476RGTX_FLASH.ld" --specs=nosys.specs -Wl,-Map="Test1.map" -Wl,--gc-sections -static --specs=nano.specs -mfpu=fpv4-sp-d16 -mfloat-abi=hard -mthumb -Wl,--start-group -lc -lm -Wl,--end-group
Finished building target: Test1.elf
 
arm-none-eabi-size  Test1.elf 
arm-none-eabi-objdump -h -S Test1.elf  > "Test1.list"
   text	   data	    bss	    dec	    hex	filename
   6324	     12	   1572	   7908	   1ee4	Test1.elf
Finished building: default.size.stdout
 
Finished building: Test1.list
 
16:26:06 **** Incremental Build of configuration Debug for project Test1 ****
make -j12 all 
arm-none-eabi-gcc "../Core/Src/main.c" -mcpu=cortex-m4 -std=gnu11 -g3 -DDEBUG -DUSE_HAL_DRIVER -DSTM32L476xx -c -I../Core/Inc -I../Drivers/STM32L4xx_HAL_Driver/Inc -I../Drivers/STM32L4xx_HAL_Driver/Inc/Legacy -I../Drivers/CMSIS/Device/ST/STM32L4xx/Include -I../Drivers/CMSIS/Include -O0 -ffunction-sections -fdata-sections -Wall -fstack-usage -fcyclomatic-complexity -MMD -MP -MF"Core/Src/main.d" -MT"Core/Src/main.o" --specs=nano.specs -mfpu=fpv4-sp-d16 -mfloat-abi=hard -mthumb -o "Core/Src/main.o"
../Core/Src/main.c: In function 'main':
../Core/Src/main.c:126:28: warning: suggest parentheses around comparison in operand of '==' [-Wparentheses]
  126 |                   if(count > 7 == 0){
      |                      ~~~~~~^~~
arm-none-eabi-gcc -o "Test1.elf" @"objects.list"   -mcpu=cortex-m4 -T"C:\Users\enriq\Documents\CPE316FALL\Test1\STM32L476RGTX_FLASH.ld" --specs=nosys.specs -Wl,-Map="Test1.map" -Wl,--gc-sections -static --specs=nano.specs -mfpu=fpv4-sp-d16 -mfloat-abi=hard -mthumb -Wl,--start-group -lc -lm -Wl,--end-group
Finished building target: Test1.elf
 
arm-none-eabi-size  Test1.elf 
arm-none-eabi-objdump -h -S Test1.elf  > "Test1.list"
   text	   data	    bss	    dec	    hex	filename
   6324	     12	   1572	   7908	   1ee4	Test1.elf
Finished building: default.size.stdout
 
Finished building: Test1.list
 
16:26:35 **** Incremental Build of configuration Debug for project Test1 ****
make -j12 all 
arm-none-eabi-gcc "../Core/Src/main.c" -mcpu=cortex-m4 -std=gnu11 -g3 -DDEBUG -DUSE_HAL_DRIVER -DSTM32L476xx -c -I../Core/Inc -I../Drivers/STM32L4xx_HAL_Driver/Inc -I../Drivers/STM32L4xx_HAL_Driver/Inc/Legacy -I../Drivers/CMSIS/Device/ST/STM32L4xx/Include -I../Drivers/CMSIS/Include -O0 -ffunction-sections -fdata-sections -Wall -fstack-usage -fcyclomatic-complexity -MMD -MP -MF"Core/Src/main.d" -MT"Core/Src/main.o" --specs=nano.specs -mfpu=fpv4-sp-d16 -mfloat-abi=hard -mthumb -o "Core/Src/main.o"
../Core/Src/main.c: In function 'main':
../Core/Src/main.c:124:28: warning: suggest parentheses around comparison in operand of '==' [-Wparentheses]
  124 |                   if(count > 7 == 0){
      |                      ~~~~~~^~~
arm-none-eabi-gcc -o "Test1.elf" @"objects.list"   -mcpu=cortex-m4 -T"C:\Users\enriq\Documents\CPE316FALL\Test1\STM32L476RGTX_FLASH.ld" --specs=nosys.specs -Wl,-Map="Test1.map" -Wl,--gc-sections -static --specs=nano.specs -mfpu=fpv4-sp-d16 -mfloat-abi=hard -mthumb -Wl,--start-group -lc -lm -Wl,--end-group
Finished building target: Test1.elf
 
arm-none-eabi-size  Test1.elf 
arm-none-eabi-objdump -h -S Test1.elf  > "Test1.list"
   text	   data	    bss	    dec	    hex	filename
   6328	     12	   1572	   7912	   1ee8	Test1.elf
Finished building: default.size.stdout
 
Finished building: Test1.list
 
16:27:14 **** Incremental Build of configuration Debug for project Test1 ****
make -j12 all 
arm-none-eabi-gcc "../Core/Src/main.c" -mcpu=cortex-m4 -std=gnu11 -g3 -DDEBUG -DUSE_HAL_DRIVER -DSTM32L476xx -c -I../Core/Inc -I../Drivers/STM32L4xx_HAL_Driver/Inc -I../Drivers/STM32L4xx_HAL_Driver/Inc/Legacy -I../Drivers/CMSIS/Device/ST/STM32L4xx/Include -I../Drivers/CMSIS/Include -O0 -ffunction-sections -fdata-sections -Wall -fstack-usage -fcyclomatic-complexity -MMD -MP -MF"Core/Src/main.d" -MT"Core/Src/main.o" --specs=nano.specs -mfpu=fpv4-sp-d16 -mfloat-abi=hard -mthumb -o "Core/Src/main.o"
../Core/Src/main.c: In function 'main':
../Core/Src/main.c:124:28: warning: suggest parentheses around comparison in operand of '==' [-Wparentheses]
  124 |                   if(count > 7 == 0){
      |                      ~~~~~~^~~
../Core/Src/main.c:149:27: warning: implicit declaration of function 'printf' [-Wimplicit-function-declaration]
  149 |                           printf("Case 0\n");
      |                           ^~~~~~
../Core/Src/main.c:2:1: note: include '<stdio.h>' or provide a declaration of 'printf'
    1 | #include "main.h"
  +++ |+#include <stdio.h>
    2 | 
../Core/Src/main.c:149:27: warning: incompatible implicit declaration of built-in function 'printf' [-Wbuiltin-declaration-mismatch]
  149 |                           printf("Case 0\n");
      |                           ^~~~~~
../Core/Src/main.c:149:27: note: include '<stdio.h>' or provide a declaration of 'printf'
arm-none-eabi-gcc -o "Test1.elf" @"objects.list"   -mcpu=cortex-m4 -T"C:\Users\enriq\Documents\CPE316FALL\Test1\STM32L476RGTX_FLASH.ld" --specs=nosys.specs -Wl,-Map="Test1.map" -Wl,--gc-sections -static --specs=nano.specs -mfpu=fpv4-sp-d16 -mfloat-abi=hard -mthumb -Wl,--start-group -lc -lm -Wl,--end-group
Finished building target: Test1.elf
 
arm-none-eabi-size  Test1.elf 
arm-none-eabi-objdump -h -S Test1.elf  > "Test1.list"
   text	   data	    bss	    dec	    hex	filename
   9208	    104	   1904	  11216	   2bd0	Test1.elf
Finished building: default.size.stdout
 
Finished building: Test1.list
 
16:27:51 **** Incremental Build of configuration Debug for project Test1 ****
make -j12 all 
arm-none-eabi-gcc "../Core/Src/main.c" -mcpu=cortex-m4 -std=gnu11 -g3 -DDEBUG -DUSE_HAL_DRIVER -DSTM32L476xx -c -I../Core/Inc -I../Drivers/STM32L4xx_HAL_Driver/Inc -I../Drivers/STM32L4xx_HAL_Driver/Inc/Legacy -I../Drivers/CMSIS/Device/ST/STM32L4xx/Include -I../Drivers/CMSIS/Include -O0 -ffunction-sections -fdata-sections -Wall -fstack-usage -fcyclomatic-complexity -MMD -MP -MF"Core/Src/main.d" -MT"Core/Src/main.o" --specs=nano.specs -mfpu=fpv4-sp-d16 -mfloat-abi=hard -mthumb -o "Core/Src/main.o"
../Core/Src/main.c: In function 'main':
../Core/Src/main.c:124:28: warning: suggest parentheses around comparison in operand of '==' [-Wparentheses]
  124 |                   if(count > 7 == 0){
      |                      ~~~~~~^~~
../Core/Src/main.c:149:27: warning: implicit declaration of function 'printf' [-Wimplicit-function-declaration]
  149 |                           printf("Case 0\n");
      |                           ^~~~~~
../Core/Src/main.c:2:1: note: include '<stdio.h>' or provide a declaration of 'printf'
    1 | #include "main.h"
  +++ |+#include <stdio.h>
    2 | 
../Core/Src/main.c:149:27: warning: incompatible implicit declaration of built-in function 'printf' [-Wbuiltin-declaration-mismatch]
  149 |                           printf("Case 0\n");
      |                           ^~~~~~
../Core/Src/main.c:149:27: note: include '<stdio.h>' or provide a declaration of 'printf'
arm-none-eabi-gcc -o "Test1.elf" @"objects.list"   -mcpu=cortex-m4 -T"C:\Users\enriq\Documents\CPE316FALL\Test1\STM32L476RGTX_FLASH.ld" --specs=nosys.specs -Wl,-Map="Test1.map" -Wl,--gc-sections -static --specs=nano.specs -mfpu=fpv4-sp-d16 -mfloat-abi=hard -mthumb -Wl,--start-group -lc -lm -Wl,--end-group
Finished building target: Test1.elf
 
arm-none-eabi-size  Test1.elf 
arm-none-eabi-objdump -h -S Test1.elf  > "Test1.list"
   text	   data	    bss	    dec	    hex	filename
   9192	    104	   1904	  11200	   2bc0	Test1.elf
Finished building: default.size.stdout
 
Finished building: Test1.list
 
16:31:29 **** Incremental Build of configuration Debug for project Test1 ****
make -j12 all 
arm-none-eabi-gcc "../Core/Src/main.c" -mcpu=cortex-m4 -std=gnu11 -g3 -DDEBUG -DUSE_HAL_DRIVER -DSTM32L476xx -c -I../Core/Inc -I../Drivers/STM32L4xx_HAL_Driver/Inc -I../Drivers/STM32L4xx_HAL_Driver/Inc/Legacy -I../Drivers/CMSIS/Device/ST/STM32L4xx/Include -I../Drivers/CMSIS/Include -O0 -ffunction-sections -fdata-sections -Wall -fstack-usage -fcyclomatic-complexity -MMD -MP -MF"Core/Src/main.d" -MT"Core/Src/main.o" --specs=nano.specs -mfpu=fpv4-sp-d16 -mfloat-abi=hard -mthumb -o "Core/Src/main.o"
../Core/Src/main.c: In function 'main':
../Core/Src/main.c:124:28: warning: suggest parentheses around comparison in operand of '==' [-Wparentheses]
  124 |                   if(count > 7 == 0){
      |                      ~~~~~~^~~
../Core/Src/main.c:154:15: warning: implicit declaration of function 'printf' [-Wimplicit-function-declaration]
  154 |               printf("Case 1\n");
      |               ^~~~~~
../Core/Src/main.c:2:1: note: include '<stdio.h>' or provide a declaration of 'printf'
    1 | #include "main.h"
  +++ |+#include <stdio.h>
    2 | 
../Core/Src/main.c:154:15: warning: incompatible implicit declaration of built-in function 'printf' [-Wbuiltin-declaration-mismatch]
  154 |               printf("Case 1\n");
      |               ^~~~~~
../Core/Src/main.c:154:15: note: include '<stdio.h>' or provide a declaration of 'printf'
../Core/Src/main.c:158:15: warning: incompatible implicit declaration of built-in function 'printf' [-Wbuiltin-declaration-mismatch]
  158 |               printf("Case 2\n");
      |               ^~~~~~
../Core/Src/main.c:158:15: note: include '<stdio.h>' or provide a declaration of 'printf'
../Core/Src/main.c:163:15: warning: incompatible implicit declaration of built-in function 'printf' [-Wbuiltin-declaration-mismatch]
  163 |               printf("Case 3\n");
      |               ^~~~~~
../Core/Src/main.c:163:15: note: include '<stdio.h>' or provide a declaration of 'printf'
../Core/Src/main.c:167:15: warning: incompatible implicit declaration of built-in function 'printf' [-Wbuiltin-declaration-mismatch]
  167 |               printf("Case 4\n");
      |               ^~~~~~
../Core/Src/main.c:167:15: note: include '<stdio.h>' or provide a declaration of 'printf'
../Core/Src/main.c:173:15: warning: incompatible implicit declaration of built-in function 'printf' [-Wbuiltin-declaration-mismatch]
  173 |               printf("Case 5\n");
      |               ^~~~~~
../Core/Src/main.c:173:15: note: include '<stdio.h>' or provide a declaration of 'printf'
../Core/Src/main.c:177:15: warning: incompatible implicit declaration of built-in function 'printf' [-Wbuiltin-declaration-mismatch]
  177 |               printf("Case 6\n");
      |               ^~~~~~
../Core/Src/main.c:177:15: note: include '<stdio.h>' or provide a declaration of 'printf'
../Core/Src/main.c:182:15: warning: incompatible implicit declaration of built-in function 'printf' [-Wbuiltin-declaration-mismatch]
  182 |               printf("Case 7\n");
      |               ^~~~~~
../Core/Src/main.c:182:15: note: include '<stdio.h>' or provide a declaration of 'printf'
arm-none-eabi-gcc -o "Test1.elf" @"objects.list"   -mcpu=cortex-m4 -T"C:\Users\enriq\Documents\CPE316FALL\Test1\STM32L476RGTX_FLASH.ld" --specs=nosys.specs -Wl,-Map="Test1.map" -Wl,--gc-sections -static --specs=nano.specs -mfpu=fpv4-sp-d16 -mfloat-abi=hard -mthumb -Wl,--start-group -lc -lm -Wl,--end-group
Finished building target: Test1.elf
 
arm-none-eabi-size  Test1.elf 
arm-none-eabi-objdump -h -S Test1.elf  > "Test1.list"
   text	   data	    bss	    dec	    hex	filename
   9188	    104	   1904	  11196	   2bbc	Test1.elf
Finished building: default.size.stdout
 
Finished building: Test1.list
 
16:32:27 **** Incremental Build of configuration Debug for project Test1 ****
make -j12 all 
arm-none-eabi-gcc "../Core/Src/main.c" -mcpu=cortex-m4 -std=gnu11 -g3 -DDEBUG -DUSE_HAL_DRIVER -DSTM32L476xx -c -I../Core/Inc -I../Drivers/STM32L4xx_HAL_Driver/Inc -I../Drivers/STM32L4xx_HAL_Driver/Inc/Legacy -I../Drivers/CMSIS/Device/ST/STM32L4xx/Include -I../Drivers/CMSIS/Include -O0 -ffunction-sections -fdata-sections -Wall -fstack-usage -fcyclomatic-complexity -MMD -MP -MF"Core/Src/main.d" -MT"Core/Src/main.o" --specs=nano.specs -mfpu=fpv4-sp-d16 -mfloat-abi=hard -mthumb -o "Core/Src/main.o"
../Core/Src/main.c: In function 'main':
../Core/Src/main.c:124:28: warning: suggest parentheses around comparison in operand of '==' [-Wparentheses]
  124 |                   if(count > 7 == 0){
      |                      ~~~~~~^~~
../Core/Src/main.c:154:15: warning: implicit declaration of function 'printf' [-Wimplicit-function-declaration]
  154 |               printf("Case 1\n");
      |               ^~~~~~
../Core/Src/main.c:2:1: note: include '<stdio.h>' or provide a declaration of 'printf'
    1 | #include "main.h"
  +++ |+#include <stdio.h>
    2 | 
../Core/Src/main.c:154:15: warning: incompatible implicit declaration of built-in function 'printf' [-Wbuiltin-declaration-mismatch]
  154 |               printf("Case 1\n");
      |               ^~~~~~
../Core/Src/main.c:154:15: note: include '<stdio.h>' or provide a declaration of 'printf'
../Core/Src/main.c:158:15: warning: incompatible implicit declaration of built-in function 'printf' [-Wbuiltin-declaration-mismatch]
  158 |               printf("Case 2\n");
      |               ^~~~~~
../Core/Src/main.c:158:15: note: include '<stdio.h>' or provide a declaration of 'printf'
../Core/Src/main.c:163:15: warning: incompatible implicit declaration of built-in function 'printf' [-Wbuiltin-declaration-mismatch]
  163 |               printf("Case 3\n");
      |               ^~~~~~
../Core/Src/main.c:163:15: note: include '<stdio.h>' or provide a declaration of 'printf'
../Core/Src/main.c:167:15: warning: incompatible implicit declaration of built-in function 'printf' [-Wbuiltin-declaration-mismatch]
  167 |               printf("Case 4\n");
      |               ^~~~~~
../Core/Src/main.c:167:15: note: include '<stdio.h>' or provide a declaration of 'printf'
../Core/Src/main.c:173:15: warning: incompatible implicit declaration of built-in function 'printf' [-Wbuiltin-declaration-mismatch]
  173 |               printf("Case 5\n");
      |               ^~~~~~
../Core/Src/main.c:173:15: note: include '<stdio.h>' or provide a declaration of 'printf'
../Core/Src/main.c:177:15: warning: incompatible implicit declaration of built-in function 'printf' [-Wbuiltin-declaration-mismatch]
  177 |               printf("Case 6\n");
      |               ^~~~~~
../Core/Src/main.c:177:15: note: include '<stdio.h>' or provide a declaration of 'printf'
../Core/Src/main.c:182:15: warning: incompatible implicit declaration of built-in function 'printf' [-Wbuiltin-declaration-mismatch]
  182 |               printf("Case 7\n");
      |               ^~~~~~
../Core/Src/main.c:182:15: note: include '<stdio.h>' or provide a declaration of 'printf'
arm-none-eabi-gcc -o "Test1.elf" @"objects.list"   -mcpu=cortex-m4 -T"C:\Users\enriq\Documents\CPE316FALL\Test1\STM32L476RGTX_FLASH.ld" --specs=nosys.specs -Wl,-Map="Test1.map" -Wl,--gc-sections -static --specs=nano.specs -mfpu=fpv4-sp-d16 -mfloat-abi=hard -mthumb -Wl,--start-group -lc -lm -Wl,--end-group
Finished building target: Test1.elf
 
arm-none-eabi-size  Test1.elf 
arm-none-eabi-objdump -h -S Test1.elf  > "Test1.list"
   text	   data	    bss	    dec	    hex	filename
   9192	    104	   1904	  11200	   2bc0	Test1.elf
Finished building: default.size.stdout
 
Finished building: Test1.list
 
16:33:43 **** Incremental Build of configuration Debug for project Test1 ****
make -j12 all 
arm-none-eabi-gcc "../Core/Src/main.c" -mcpu=cortex-m4 -std=gnu11 -g3 -DDEBUG -DUSE_HAL_DRIVER -DSTM32L476xx -c -I../Core/Inc -I../Drivers/STM32L4xx_HAL_Driver/Inc -I../Drivers/STM32L4xx_HAL_Driver/Inc/Legacy -I../Drivers/CMSIS/Device/ST/STM32L4xx/Include -I../Drivers/CMSIS/Include -O0 -ffunction-sections -fdata-sections -Wall -fstack-usage -fcyclomatic-complexity -MMD -MP -MF"Core/Src/main.d" -MT"Core/Src/main.o" --specs=nano.specs -mfpu=fpv4-sp-d16 -mfloat-abi=hard -mthumb -o "Core/Src/main.o"
../Core/Src/main.c: In function 'main':
../Core/Src/main.c:154:15: warning: implicit declaration of function 'printf' [-Wimplicit-function-declaration]
  154 |               printf("Case 1\n");
      |               ^~~~~~
../Core/Src/main.c:2:1: note: include '<stdio.h>' or provide a declaration of 'printf'
    1 | #include "main.h"
  +++ |+#include <stdio.h>
    2 | 
../Core/Src/main.c:154:15: warning: incompatible implicit declaration of built-in function 'printf' [-Wbuiltin-declaration-mismatch]
  154 |               printf("Case 1\n");
      |               ^~~~~~
../Core/Src/main.c:154:15: note: include '<stdio.h>' or provide a declaration of 'printf'
../Core/Src/main.c:158:15: warning: incompatible implicit declaration of built-in function 'printf' [-Wbuiltin-declaration-mismatch]
  158 |               printf("Case 2\n");
      |               ^~~~~~
../Core/Src/main.c:158:15: note: include '<stdio.h>' or provide a declaration of 'printf'
../Core/Src/main.c:163:15: warning: incompatible implicit declaration of built-in function 'printf' [-Wbuiltin-declaration-mismatch]
  163 |               printf("Case 3\n");
      |               ^~~~~~
../Core/Src/main.c:163:15: note: include '<stdio.h>' or provide a declaration of 'printf'
../Core/Src/main.c:167:15: warning: incompatible implicit declaration of built-in function 'printf' [-Wbuiltin-declaration-mismatch]
  167 |               printf("Case 4\n");
      |               ^~~~~~
../Core/Src/main.c:167:15: note: include '<stdio.h>' or provide a declaration of 'printf'
../Core/Src/main.c:173:15: warning: incompatible implicit declaration of built-in function 'printf' [-Wbuiltin-declaration-mismatch]
  173 |               printf("Case 5\n");
      |               ^~~~~~
../Core/Src/main.c:173:15: note: include '<stdio.h>' or provide a declaration of 'printf'
../Core/Src/main.c:177:15: warning: incompatible implicit declaration of built-in function 'printf' [-Wbuiltin-declaration-mismatch]
  177 |               printf("Case 6\n");
      |               ^~~~~~
../Core/Src/main.c:177:15: note: include '<stdio.h>' or provide a declaration of 'printf'
../Core/Src/main.c:182:15: warning: incompatible implicit declaration of built-in function 'printf' [-Wbuiltin-declaration-mismatch]
  182 |               printf("Case 7\n");
      |               ^~~~~~
../Core/Src/main.c:182:15: note: include '<stdio.h>' or provide a declaration of 'printf'
arm-none-eabi-gcc -o "Test1.elf" @"objects.list"   -mcpu=cortex-m4 -T"C:\Users\enriq\Documents\CPE316FALL\Test1\STM32L476RGTX_FLASH.ld" --specs=nosys.specs -Wl,-Map="Test1.map" -Wl,--gc-sections -static --specs=nano.specs -mfpu=fpv4-sp-d16 -mfloat-abi=hard -mthumb -Wl,--start-group -lc -lm -Wl,--end-group
Finished building target: Test1.elf
 
arm-none-eabi-size  Test1.elf 
arm-none-eabi-objdump -h -S Test1.elf  > "Test1.list"
   text	   data	    bss	    dec	    hex	filename
   9192	    104	   1904	  11200	   2bc0	Test1.elf
Finished building: default.size.stdout
 
Finished building: Test1.list
 
16:33:59 **** Incremental Build of configuration Debug for project Test1 ****
make -j12 all 
[...]
../Core/Src/main.c:91:13: warning: 'MX_GPIO_Init' defined but not used [-Wunused-function]
   91 | static void MX_GPIO_Init(void)
      |             ^~~~~~~~~~~~
arm-none-eabi-gcc -o "ExecutionTime.elf" @"objects.list"   -mcpu=cortex-m4 -T"C:\Users\enriq\Documents\CPE316FALL\ExecutionTime\STM32L476RGTX_FLASH.ld" --specs=nosys.specs -Wl,-Map="ExecutionTime.map" -Wl,--gc-sections -static --specs=nano.specs -mfpu=fpv4-sp-d16 -mfloat-abi=hard -mthumb -Wl,--start-group -lc -lm -Wl,--end-group
Finished building target: ExecutionTime.elf
 
arm-none-eabi-size  ExecutionTime.elf 
arm-none-eabi-objdump -h -S ExecutionTime.elf  > "ExecutionTime.list"
   text	   data	    bss	    dec	    hex	filename
  11624	     12	   1572	  13208	   3398	ExecutionTime.elf
Finished building: default.size.stdout
 
Finished building: ExecutionTime.list
 
18:18:40 **** Incremental Build of configuration Debug for project ExecutionTime ****
make -j12 all 
arm-none-eabi-gcc "../Core/Src/main.c" -mcpu=cortex-m4 -std=gnu11 -g3 -DDEBUG -DUSE_HAL_DRIVER -DSTM32L476xx -c -I../Core/Inc -I../Drivers/STM32L4xx_HAL_Driver/Inc -I../Drivers/STM32L4xx_HAL_Driver/Inc/Legacy -I../Drivers/CMSIS/Device/ST/STM32L4xx/Include -I../Drivers/CMSIS/Include -O0 -ffunction-sections -fdata-sections -Wall -fstack-usage -fcyclomatic-complexity -MMD -MP -MF"Core/Src/main.d" -MT"Core/Src/main.o" --specs=nano.specs -mfpu=fpv4-sp-d16 -mfloat-abi=hard -mthumb -o "Core/Src/main.o"
../Core/Src/main.c:91:13: warning: 'MX_GPIO_Init' defined but not used [-Wunused-function]
   91 | static void MX_GPIO_Init(void)
      |             ^~~~~~~~~~~~
arm-none-eabi-gcc -o "ExecutionTime.elf" @"objects.list"   -mcpu=cortex-m4 -T"C:\Users\enriq\Documents\CPE316FALL\ExecutionTime\STM32L476RGTX_FLASH.ld" --specs=nosys.specs -Wl,-Map="ExecutionTime.map" -Wl,--gc-sections -static --specs=nano.specs -mfpu=fpv4-sp-d16 -mfloat-abi=hard -mthumb -Wl,--start-group -lc -lm -Wl,--end-group
Finished building target: ExecutionTime.elf
 
arm-none-eabi-size  ExecutionTime.elf 
arm-none-eabi-objdump -h -S ExecutionTime.elf  > "ExecutionTime.list"
   text	   data	    bss	    dec	    hex	filename
   5104	     12	   1572	   6688	   1a20	ExecutionTime.elf
Finished building: default.size.stdout
 
Finished building: ExecutionTime.list
 
18:18:59 **** Incremental Build of configuration Debug for project ExecutionTime ****
make -j12 all 
arm-none-eabi-gcc "../Core/Src/main.c" -mcpu=cortex-m4 -std=gnu11 -g3 -DDEBUG -DUSE_HAL_DRIVER -DSTM32L476xx -c -I../Core/Inc -I../Drivers/STM32L4xx_HAL_Driver/Inc -I../Drivers/STM32L4xx_HAL_Driver/Inc/Legacy -I../Drivers/CMSIS/Device/ST/STM32L4xx/Include -I../Drivers/CMSIS/Include -O0 -ffunction-sections -fdata-sections -Wall -fstack-usage -fcyclomatic-complexity -MMD -MP -MF"Core/Src/main.d" -MT"Core/Src/main.o" --specs=nano.specs -mfpu=fpv4-sp-d16 -mfloat-abi=hard -mthumb -o "Core/Src/main.o"
../Core/Src/main.c:91:13: warning: 'MX_GPIO_Init' defined but not used [-Wunused-function]
   91 | static void MX_GPIO_Init(void)
      |             ^~~~~~~~~~~~
arm-none-eabi-gcc -o "ExecutionTime.elf" @"objects.list"   -mcpu=cortex-m4 -T"C:\Users\enriq\Documents\CPE316FALL\ExecutionTime\STM32L476RGTX_FLASH.ld" --specs=nosys.specs -Wl,-Map="ExecutionTime.map" -Wl,--gc-sections -static --specs=nano.specs -mfpu=fpv4-sp-d16 -mfloat-abi=hard -mthumb -Wl,--start-group -lc -lm -Wl,--end-group
Finished building target: ExecutionTime.elf
 
arm-none-eabi-size  ExecutionTime.elf 
arm-none-eabi-objdump -h -S ExecutionTime.elf  > "ExecutionTime.list"
   text	   data	    bss	    dec	    hex	filename
   5108	     12	   1572	   6692	   1a24	ExecutionTime.elf
Finished building: default.size.stdout
 
Finished building: ExecutionTime.list
 
18:19:28 **** Incremental Build of configuration Debug for project ExecutionTime ****
make -j12 all 
arm-none-eabi-gcc "../Core/Src/main.c" -mcpu=cortex-m4 -std=gnu11 -g3 -DDEBUG -DUSE_HAL_DRIVER -DSTM32L476xx -c -I../Core/Inc -I../Drivers/STM32L4xx_HAL_Driver/Inc -I../Drivers/STM32L4xx_HAL_Driver/Inc/Legacy -I../Drivers/CMSIS/Device/ST/STM32L4xx/Include -I../Drivers/CMSIS/Include -O0 -ffunction-sections -fdata-sections -Wall -fstack-usage -fcyclomatic-complexity -MMD -MP -MF"Core/Src/main.d" -MT"Core/Src/main.o" --specs=nano.specs -mfpu=fpv4-sp-d16 -mfloat-abi=hard -mthumb -o "Core/Src/main.o"
../Core/Src/main.c:91:13: warning: 'MX_GPIO_Init' defined but not used [-Wunused-function]
   91 | static void MX_GPIO_Init(void)
      |             ^~~~~~~~~~~~
arm-none-eabi-gcc -o "ExecutionTime.elf" @"objects.list"   -mcpu=cortex-m4 -T"C:\Users\enriq\Documents\CPE316FALL\ExecutionTime\STM32L476RGTX_FLASH.ld" --specs=nosys.specs -Wl,-Map="ExecutionTime.map" -Wl,--gc-sections -static --specs=nano.specs -mfpu=fpv4-sp-d16 -mfloat-abi=hard -mthumb -Wl,--start-group -lc -lm -Wl,--end-group
Finished building target: ExecutionTime.elf
 
arm-none-eabi-size  ExecutionTime.elf 
arm-none-eabi-objdump -h -S ExecutionTime.elf  > "ExecutionTime.list"
   text	   data	    bss	    dec	    hex	filename
   5112	     12	   1572	   6696	   1a28	ExecutionTime.elf
Finished building: default.size.stdout
 
Finished building: ExecutionTime.list
 
18:20:35 **** Incremental Build of configuration Debug for project ExecutionTime ****
make -j12 all 
arm-none-eabi-gcc "../Core/Src/main.c" -mcpu=cortex-m4 -std=gnu11 -g3 -DDEBUG -DUSE_HAL_DRIVER -DSTM32L476xx -c -I../Core/Inc -I../Drivers/STM32L4xx_HAL_Driver/Inc -I../Drivers/STM32L4xx_HAL_Driver/Inc/Legacy -I../Drivers/CMSIS/Device/ST/STM32L4xx/Include -I../Drivers/CMSIS/Include -O0 -ffunction-sections -fdata-sections -Wall -fstack-usage -fcyclomatic-complexity -MMD -MP -MF"Core/Src/main.d" -MT"Core/Src/main.o" --specs=nano.specs -mfpu=fpv4-sp-d16 -mfloat-abi=hard -mthumb -o "Core/Src/main.o"
../Core/Src/main.c:94:13: warning: 'MX_GPIO_Init' defined but not used [-Wunused-function]
   94 | static void MX_GPIO_Init(void)
      |             ^~~~~~~~~~~~
arm-none-eabi-gcc -o "ExecutionTime.elf" @"objects.list"   -mcpu=cortex-m4 -T"C:\Users\enriq\Documents\CPE316FALL\ExecutionTime\STM32L476RGTX_FLASH.ld" --specs=nosys.specs -Wl,-Map="ExecutionTime.map" -Wl,--gc-sections -static --specs=nano.specs -mfpu=fpv4-sp-d16 -mfloat-abi=hard -mthumb -Wl,--start-group -lc -lm -Wl,--end-group
Finished building target: ExecutionTime.elf
 
arm-none-eabi-size  ExecutionTime.elf 
arm-none-eabi-objdump -h -S ExecutionTime.elf  > "ExecutionTime.list"
   text	   data	    bss	    dec	    hex	filename
   5136	     12	   1572	   6720	   1a40	ExecutionTime.elf
Finished building: default.size.stdout
 
Finished building: ExecutionTime.list
 
18:21:08 **** Incremental Build of configuration Debug for project ExecutionTime ****
make -j12 all 
arm-none-eabi-gcc "../Core/Src/main.c" -mcpu=cortex-m4 -std=gnu11 -g3 -DDEBUG -DUSE_HAL_DRIVER -DSTM32L476xx -c -I../Core/Inc -I../Drivers/STM32L4xx_HAL_Driver/Inc -I../Drivers/STM32L4xx_HAL_Driver/Inc/Legacy -I../Drivers/CMSIS/Device/ST/STM32L4xx/Include -I../Drivers/CMSIS/Include -O0 -ffunction-sections -fdata-sections -Wall -fstack-usage -fcyclomatic-complexity -MMD -MP -MF"Core/Src/main.d" -MT"Core/Src/main.o" --specs=nano.specs -mfpu=fpv4-sp-d16 -mfloat-abi=hard -mthumb -o "Core/Src/main.o"
../Core/Src/main.c:94:13: warning: 'MX_GPIO_Init' defined but not used [-Wunused-function]
   94 | static void MX_GPIO_Init(void)
      |             ^~~~~~~~~~~~
arm-none-eabi-gcc -o "ExecutionTime.elf" @"objects.list"   -mcpu=cortex-m4 -T"C:\Users\enriq\Documents\CPE316FALL\ExecutionTime\STM32L476RGTX_FLASH.ld" --specs=nosys.specs -Wl,-Map="ExecutionTime.map" -Wl,--gc-sections -static --specs=nano.specs -mfpu=fpv4-sp-d16 -mfloat-abi=hard -mthumb -Wl,--start-group -lc -lm -Wl,--end-group
Finished building target: ExecutionTime.elf
 
arm-none-eabi-size  ExecutionTime.elf 
arm-none-eabi-objdump -h -S ExecutionTime.elf  > "ExecutionTime.list"
   text	   data	    bss	    dec	    hex	filename
   5136	     12	   1572	   6720	   1a40	ExecutionTime.elf
Finished building: default.size.stdout
 
Finished building: ExecutionTime.list
 
18:21:38 **** Incremental Build of configuration Debug for project ExecutionTime ****
make -j12 all 
arm-none-eabi-gcc "../Core/Src/main.c" -mcpu=cortex-m4 -std=gnu11 -g3 -DDEBUG -DUSE_HAL_DRIVER -DSTM32L476xx -c -I../Core/Inc -I../Drivers/STM32L4xx_HAL_Driver/Inc -I../Drivers/STM32L4xx_HAL_Driver/Inc/Legacy -I../Drivers/CMSIS/Device/ST/STM32L4xx/Include -I../Drivers/CMSIS/Include -O0 -ffunction-sections -fdata-sections -Wall -fstack-usage -fcyclomatic-complexity -MMD -MP -MF"Core/Src/main.d" -MT"Core/Src/main.o" --specs=nano.specs -mfpu=fpv4-sp-d16 -mfloat-abi=hard -mthumb -o "Core/Src/main.o"
../Core/Src/main.c:94:13: warning: 'MX_GPIO_Init' defined but not used [-Wunused-function]
   94 | static void MX_GPIO_Init(void)
      |             ^~~~~~~~~~~~
arm-none-eabi-gcc -o "ExecutionTime.elf" @"objects.list"   -mcpu=cortex-m4 -T"C:\Users\enriq\Documents\CPE316FALL\ExecutionTime\STM32L476RGTX_FLASH.ld" --specs=nosys.specs -Wl,-Map="ExecutionTime.map" -Wl,--gc-sections -static --specs=nano.specs -mfpu=fpv4-sp-d16 -mfloat-abi=hard -mthumb -Wl,--start-group -lc -lm -Wl,--end-group
Finished building target: ExecutionTime.elf
 
arm-none-eabi-size  ExecutionTime.elf 
arm-none-eabi-objdump -h -S ExecutionTime.elf  > "ExecutionTime.list"
   text	   data	    bss	    dec	    hex	filename
   5136	     12	   1572	   6720	   1a40	ExecutionTime.elf
Finished building: default.size.stdout
 
Finished building: ExecutionTime.list
 
18:22:02 **** Incremental Build of configuration Debug for project ExecutionTime ****
make -j12 all 
arm-none-eabi-gcc "../Core/Src/main.c" -mcpu=cortex-m4 -std=gnu11 -g3 -DDEBUG -DUSE_HAL_DRIVER -DSTM32L476xx -c -I../Core/Inc -I../Drivers/STM32L4xx_HAL_Driver/Inc -I../Drivers/STM32L4xx_HAL_Driver/Inc/Legacy -I../Drivers/CMSIS/Device/ST/STM32L4xx/Include -I../Drivers/CMSIS/Include -O0 -ffunction-sections -fdata-sections -Wall -fstack-usage -fcyclomatic-complexity -MMD -MP -MF"Core/Src/main.d" -MT"Core/Src/main.o" --specs=nano.specs -mfpu=fpv4-sp-d16 -mfloat-abi=hard -mthumb -o "Core/Src/main.o"
../Core/Src/main.c:94:13: warning: 'MX_GPIO_Init' defined but not used [-Wunused-function]
   94 | static void MX_GPIO_Init(void)
      |             ^~~~~~~~~~~~
arm-none-eabi-gcc -o "ExecutionTime.elf" @"objects.list"   -mcpu=cortex-m4 -T"C:\Users\enriq\Documents\CPE316FALL\ExecutionTime\STM32L476RGTX_FLASH.ld" --specs=nosys.specs -Wl,-Map="ExecutionTime.map" -Wl,--gc-sections -static --specs=nano.specs -mfpu=fpv4-sp-d16 -mfloat-abi=hard -mthumb -Wl,--start-group -lc -lm -Wl,--end-group
Finished building target: ExecutionTime.elf
 
arm-none-eabi-size  ExecutionTime.elf 
arm-none-eabi-objdump -h -S ExecutionTime.elf  > "ExecutionTime.list"
   text	   data	    bss	    dec	    hex	filename
  11816	     12	   1572	  13400	   3458	ExecutionTime.elf
Finished building: default.size.stdout
 
Finished building: ExecutionTime.list
 
18:22:48 **** Incremental Build of configuration Debug for project ExecutionTime ****
make -j12 all 
arm-none-eabi-gcc "../Core/Src/main.c" -mcpu=cortex-m4 -std=gnu11 -g3 -DDEBUG -DUSE_HAL_DRIVER -DSTM32L476xx -c -I../Core/Inc -I../Drivers/STM32L4xx_HAL_Driver/Inc -I../Drivers/STM32L4xx_HAL_Driver/Inc/Legacy -I../Drivers/CMSIS/Device/ST/STM32L4xx/Include -I../Drivers/CMSIS/Include -O0 -ffunction-sections -fdata-sections -Wall -fstack-usage -fcyclomatic-complexity -MMD -MP -MF"Core/Src/main.d" -MT"Core/Src/main.o" --specs=nano.specs -mfpu=fpv4-sp-d16 -mfloat-abi=hard -mthumb -o "Core/Src/main.o"
../Core/Src/main.c:94:13: warning: 'MX_GPIO_Init' defined but not used [-Wunused-function]
   94 | static void MX_GPIO_Init(void)
      |             ^~~~~~~~~~~~
arm-none-eabi-gcc -o "ExecutionTime.elf" @"objects.list"   -mcpu=cortex-m4 -T"C:\Users\enriq\Documents\CPE316FALL\ExecutionTime\STM32L476RGTX_FLASH.ld" --specs=nosys.specs -Wl,-Map="ExecutionTime.map" -Wl,--gc-sections -static --specs=nano.specs -mfpu=fpv4-sp-d16 -mfloat-abi=hard -mthumb -Wl,--start-group -lc -lm -Wl,--end-group
Finished building target: ExecutionTime.elf
 
arm-none-eabi-size  ExecutionTime.elf 
arm-none-eabi-objdump -h -S ExecutionTime.elf  > "ExecutionTime.list"
   text	   data	    bss	    dec	    hex	filename
   6072	     12	   1572	   7656	   1de8	ExecutionTime.elf
Finished building: default.size.stdout
 
Finished building: ExecutionTime.list
 
18:23:18 **** Incremental Build of configuration Debug for project ExecutionTime ****
make -j12 all 
arm-none-eabi-gcc "../Core/Src/main.c" -mcpu=cortex-m4 -std=gnu11 -g3 -DDEBUG -DUSE_HAL_DRIVER -DSTM32L476xx -c -I../Core/Inc -I../Drivers/STM32L4xx_HAL_Driver/Inc -I../Drivers/STM32L4xx_HAL_Driver/Inc/Legacy -I../Drivers/CMSIS/Device/ST/STM32L4xx/Include -I../Drivers/CMSIS/Include -O0 -ffunction-sections -fdata-sections -Wall -fstack-usage -fcyclomatic-complexity -MMD -MP -MF"Core/Src/main.d" -MT"Core/Src/main.o" --specs=nano.specs -mfpu=fpv4-sp-d16 -mfloat-abi=hard -mthumb -o "Core/Src/main.o"
../Core/Src/main.c:94:13: warning: 'MX_GPIO_Init' defined but not used [-Wunused-function]
   94 | static void MX_GPIO_Init(void)
      |             ^~~~~~~~~~~~
arm-none-eabi-gcc -o "ExecutionTime.elf" @"objects.list"   -mcpu=cortex-m4 -T"C:\Users\enriq\Documents\CPE316FALL\ExecutionTime\STM32L476RGTX_FLASH.ld" --specs=nosys.specs -Wl,-Map="ExecutionTime.map" -Wl,--gc-sections -static --specs=nano.specs -mfpu=fpv4-sp-d16 -mfloat-abi=hard -mthumb -Wl,--start-group -lc -lm -Wl,--end-group
Finished building target: ExecutionTime.elf
 
arm-none-eabi-size  ExecutionTime.elf 
arm-none-eabi-objdump -h -S ExecutionTime.elf  > "ExecutionTime.list"
   text	   data	    bss	    dec	    hex	filename
   6672	     12	   1572	   8256	   2040	ExecutionTime.elf
Finished building: default.size.stdout
 
Finished building: ExecutionTime.list
 
18:23:46 **** Incremental Build of configuration Debug for project ExecutionTime ****
make -j12 all 
arm-none-eabi-gcc "../Core/Src/main.c" -mcpu=cortex-m4 -std=gnu11 -g3 -DDEBUG -DUSE_HAL_DRIVER -DSTM32L476xx -c -I../Core/Inc -I../Drivers/STM32L4xx_HAL_Driver/Inc -I../Drivers/STM32L4xx_HAL_Driver/Inc/Legacy -I../Drivers/CMSIS/Device/ST/STM32L4xx/Include -I../Drivers/CMSIS/Include -O0 -ffunction-sections -fdata-sections -Wall -fstack-usage -fcyclomatic-complexity -MMD -MP -MF"Core/Src/main.d" -MT"Core/Src/main.o" --specs=nano.specs -mfpu=fpv4-sp-d16 -mfloat-abi=hard -mthumb -o "Core/Src/main.o"
../Core/Src/main.c:94:13: warning: 'MX_GPIO_Init' defined but not used [-Wunused-function]
   94 | static void MX_GPIO_Init(void)
      |             ^~~~~~~~~~~~
arm-none-eabi-gcc -o "ExecutionTime.elf" @"objects.list"   -mcpu=cortex-m4 -T"C:\Users\enriq\Documents\CPE316FALL\ExecutionTime\STM32L476RGTX_FLASH.ld" --specs=nosys.specs -Wl,-Map="ExecutionTime.map" -Wl,--gc-sections -static --specs=nano.specs -mfpu=fpv4-sp-d16 -mfloat-abi=hard -mthumb -Wl,--start-group -lc -lm -Wl,--end-group
Finished building target: ExecutionTime.elf
 
arm-none-eabi-size  ExecutionTime.elf 
arm-none-eabi-objdump -h -S ExecutionTime.elf  > "ExecutionTime.list"
   text	   data	    bss	    dec	    hex	filename
   7136	     12	   1572	   8720	   2210	ExecutionTime.elf
Finished building: default.size.stdout
 
Finished building: ExecutionTime.list
 
18:24:53 **** Incremental Build of configuration Debug for project ExecutionTime ****
make -j12 all 
arm-none-eabi-gcc "../Core/Src/main.c" -mcpu=cortex-m4 -std=gnu11 -g3 -DDEBUG -DUSE_HAL_DRIVER -DSTM32L476xx -c -I../Core/Inc -I../Drivers/STM32L4xx_HAL_Driver/Inc -I../Drivers/STM32L4xx_HAL_Driver/Inc/Legacy -I../Drivers/CMSIS/Device/ST/STM32L4xx/Include -I../Drivers/CMSIS/Include -O0 -ffunction-sections -fdata-sections -Wall -fstack-usage -fcyclomatic-complexity -MMD -MP -MF"Core/Src/main.d" -MT"Core/Src/main.o" --specs=nano.specs -mfpu=fpv4-sp-d16 -mfloat-abi=hard -mthumb -o "Core/Src/main.o"
../Core/Src/main.c:94:13: warning: 'MX_GPIO_Init' defined but not used [-Wunused-function]
   94 | static void MX_GPIO_Init(void)
      |             ^~~~~~~~~~~~
arm-none-eabi-gcc -o "ExecutionTime.elf" @"objects.list"   -mcpu=cortex-m4 -T"C:\Users\enriq\Documents\CPE316FALL\ExecutionTime\STM32L476RGTX_FLASH.ld" --specs=nosys.specs -Wl,-Map="ExecutionTime.map" -Wl,--gc-sections -static --specs=nano.specs -mfpu=fpv4-sp-d16 -mfloat-abi=hard -mthumb -Wl,--start-group -lc -lm -Wl,--end-group
Finished building target: ExecutionTime.elf
 
arm-none-eabi-size  ExecutionTime.elf 
arm-none-eabi-objdump -h -S ExecutionTime.elf  > "ExecutionTime.list"
   text	   data	    bss	    dec	    hex	filename
  11672	     12	   1572	  13256	   33c8	ExecutionTime.elf
Finished building: default.size.stdout
 
Finished building: ExecutionTime.list
 
18:25:21 **** Incremental Build of configuration Debug for project ExecutionTime ****
make -j12 all 
arm-none-eabi-gcc "../Core/Src/main.c" -mcpu=cortex-m4 -std=gnu11 -g3 -DDEBUG -DUSE_HAL_DRIVER -DSTM32L476xx -c -I../Core/Inc -I../Drivers/STM32L4xx_HAL_Driver/Inc -I../Drivers/STM32L4xx_HAL_Driver/Inc/Legacy -I../Drivers/CMSIS/Device/ST/STM32L4xx/Include -I../Drivers/CMSIS/Include -O0 -ffunction-sections -fdata-sections -Wall -fstack-usage -fcyclomatic-complexity -MMD -MP -MF"Core/Src/main.d" -MT"Core/Src/main.o" --specs=nano.specs -mfpu=fpv4-sp-d16 -mfloat-abi=hard -mthumb -o "Core/Src/main.o"
../Core/Src/main.c:94:13: warning: 'MX_GPIO_Init' defined but not used [-Wunused-function]
   94 | static void MX_GPIO_Init(void)
      |             ^~~~~~~~~~~~
arm-none-eabi-gcc -o "ExecutionTime.elf" @"objects.list"   -mcpu=cortex-m4 -T"C:\Users\enriq\Documents\CPE316FALL\ExecutionTime\STM32L476RGTX_FLASH.ld" --specs=nosys.specs -Wl,-Map="ExecutionTime.map" -Wl,--gc-sections -static --specs=nano.specs -mfpu=fpv4-sp-d16 -mfloat-abi=hard -mthumb -Wl,--start-group -lc -lm -Wl,--end-group
Finished building target: ExecutionTime.elf
 
arm-none-eabi-size  ExecutionTime.elf 
arm-none-eabi-objdump -h -S ExecutionTime.elf  > "ExecutionTime.list"
   text	   data	    bss	    dec	    hex	filename
   6672	     12	   1572	   8256	   2040	ExecutionTime.elf
Finished building: default.size.stdout
 
Finished building: ExecutionTime.list
 
18:25:59 **** Incremental Build of configuration Debug for project ExecutionTime ****
make -j12 all 
arm-none-eabi-gcc "../Core/Src/main.c" -mcpu=cortex-m4 -std=gnu11 -g3 -DDEBUG -DUSE_HAL_DRIVER -DSTM32L476xx -c -I../Core/Inc -I../Drivers/STM32L4xx_HAL_Driver/Inc -I../Drivers/STM32L4xx_HAL_Driver/Inc/Legacy -I../Drivers/CMSIS/Device/ST/STM32L4xx/Include -I../Drivers/CMSIS/Include -O0 -ffunction-sections -fdata-sections -Wall -fstack-usage -fcyclomatic-complexity -MMD -MP -MF"Core/Src/main.d" -MT"Core/Src/main.o" --specs=nano.specs -mfpu=fpv4-sp-d16 -mfloat-abi=hard -mthumb -o "Core/Src/main.o"
../Core/Src/main.c:94:13: warning: 'MX_GPIO_Init' defined but not used [-Wunused-function]
   94 | static void MX_GPIO_Init(void)
      |             ^~~~~~~~~~~~
arm-none-eabi-gcc -o "ExecutionTime.elf" @"objects.list"   -mcpu=cortex-m4 -T"C:\Users\enriq\Documents\CPE316FALL\ExecutionTime\STM32L476RGTX_FLASH.ld" --specs=nosys.specs -Wl,-Map="ExecutionTime.map" -Wl,--gc-sections -static --specs=nano.specs -mfpu=fpv4-sp-d16 -mfloat-abi=hard -mthumb -Wl,--start-group -lc -lm -Wl,--end-group
Finished building target: ExecutionTime.elf
 
arm-none-eabi-size  ExecutionTime.elf 
arm-none-eabi-objdump -h -S ExecutionTime.elf  > "ExecutionTime.list"
   text	   data	    bss	    dec	    hex	filename
   6072	     12	   1572	   7656	   1de8	ExecutionTime.elf
Finished building: default.size.stdout
 
Finished building: ExecutionTime.list
 
